<?xml version="1.0" encoding="utf-8"?>
<TestRun id="d8240eab-bfe1-4d00-bcbe-559f6338d010" name="Fleek@FLEEK 2026-04-12 22:53:50" runUser="FLEEK\Fleek" xmlns="http://microsoft.com/schemas/VisualStudio/TeamTest/2010">
  <Times creation="2026-04-12T22:53:50.9453763+05:30" queuing="2026-04-12T22:53:50.9453769+05:30" start="2026-04-12T22:53:43.4318999+05:30" finish="2026-04-12T22:53:53.1740958+05:30" />
  <TestSettings name="default" id="b48c7d2d-d166-4870-8884-e26485444efd">
    <Deployment runDeploymentRoot="Fleek_FLEEK_2026-04-12_22_53_50" />
  </TestSettings>
  <Results>
    <UnitTestResult executionId="1b1bde59-72a9-41f9-a976-50ead13ce394" testId="a5e5219e-a023-ab24-2e8e-2329169521e6" testName="OwnershipViolation_ThrowsForbiddenNotUnauthorized" computerName="FLEEK" duration="00:00:00.0005260" startTime="2026-04-12T22:53:52.0775903+05:30" endTime="2026-04-12T22:53:52.0781155+05:30" testType="13cdc9d9-ddb5-4fa4-a97d-d965ccfc6d4b" outcome="Passed" testListId="8c84fa94-04c1-424b-9868-57a2d4851a1d" relativeResultsDirectory="1b1bde59-72a9-41f9-a976-50ead13ce394" />
    <UnitTestResult executionId="9de4f9ff-1ded-4145-accb-2aceaef834f4" testId="91419a10-22cf-535e-d005-56ab0f2b80f6" testName="SubmitClaim_ClaimNotFound_ThrowsNotFoundException" computerName="FLEEK" duration="00:00:00.0068640" startTime="2026-04-12T22:53:52.0045482+05:30" endTime="2026-04-12T22:53:52.0114114+05:30" testType="13cdc9d9-ddb5-4fa4-a97d-d965ccfc6d4b" outcome="Passed" testListId="8c84fa94-04c1-424b-9868-57a2d4851a1d" relativeResultsDirectory="9de4f9ff-1ded-4145-accb-2aceaef834f4" />
    <UnitTestResult executionId="a8e1374e-8cda-4ce0-a063-ebe27b57cb23" testId="6eb62150-1b06-4572-6d70-8b8eeac78e48" testName="AllExceptions_InheritFromSmartSureException" computerName="FLEEK" duration="00:00:00.0013460" startTime="2026-04-12T22:53:52.0867177+05:30" endTime="2026-04-12T22:53:52.0880632+05:30" testType="13cdc9d9-ddb5-4fa4-a97d-d965ccfc6d4b" outcome="Passed" testListId="8c84fa94-04c1-424b-9868-57a2d4851a1d" relativeResultsDirectory="a8e1374e-8cda-4ce0-a063-ebe27b57cb23" />
    <UnitTestResult executionId="6bdbd52d-5ed8-45ec-8711-67c3818b2eda" testId="d2102b3e-e272-fe6f-27ba-daa63a478541" testName="ClaimStateTransition_Validation(&quot;DRAFT&quot;,&quot;APPROVED&quot;,False)" computerName="FLEEK" duration="00:00:00.0000620" startTime="2026-04-12T22:53:52.0733120+05:30" endTime="2026-04-12T22:53:52.0733739+05:30" testType="13cdc9d9-ddb5-4fa4-a97d-d965ccfc6d4b" outcome="Passed" testListId="8c84fa94-04c1-424b-9868-57a2d4851a1d" relativeResultsDirectory="6bdbd52d-5ed8-45ec-8711-67c3818b2eda" />
    <UnitTestResult executionId="56d57a20-b8e0-4142-a51c-87585f3ba3de" testId="388b7a9f-5475-622d-e954-706453dc87ba" testName="Register_InvalidEmail_ThrowsValidationException" computerName="FLEEK" duration="00:00:00.0011820" startTime="2026-04-12T22:53:51.9033311+05:30" endTime="2026-04-12T22:53:51.9045130+05:30" testType="13cdc9d9-ddb5-4fa4-a97d-d965ccfc6d4b" outcome="Passed" testListId="8c84fa94-04c1-424b-9868-57a2d4851a1d" relativeResultsDirectory="56d57a20-b8e0-4142-a51c-87585f3ba3de" />
    <UnitTestResult executionId="d13eb817-037c-4142-96fa-b5b8a730d665" testId="2541f7cb-9bf4-4996-9814-eee3f3b802d0" testName="CoverageAmount_Validation(500000,True)" computerName="FLEEK" duration="00:00:00.0000290" startTime="2026-04-12T22:53:52.0749562+05:30" endTime="2026-04-12T22:53:52.0749849+05:30" testType="13cdc9d9-ddb5-4fa4-a97d-d965ccfc6d4b" outcome="Passed" testListId="8c84fa94-04c1-424b-9868-57a2d4851a1d" relativeResultsDirectory="d13eb817-037c-4142-96fa-b5b8a730d665" />
    <UnitTestResult executionId="a07ac7b0-6b2d-4814-9afd-b22bf0d2e70a" testId="a5d15f7b-2c11-7c21-e4ec-1c40fe3dd66d" testName="NotFoundException_CarriesMessage" computerName="FLEEK" duration="00:00:00.0003310" startTime="2026-04-12T22:53:52.0913058+05:30" endTime="2026-04-12T22:53:52.0916363+05:30" testType="13cdc9d9-ddb5-4fa4-a97d-d965ccfc6d4b" outcome="Passed" testListId="8c84fa94-04c1-424b-9868-57a2d4851a1d" relativeResultsDirectory="a07ac7b0-6b2d-4814-9afd-b22bf0d2e70a" />
    <UnitTestResult executionId="b018d9d7-a165-4cb0-b9af-71c231c7543d" testId="4932237c-248f-ade3-64a0-435ccbd8981e" testName="ClaimStateTransition_Validation(&quot;UNDER_REVIEW&quot;,&quot;REJECTED&quot;,True)" computerName="FLEEK" duration="00:00:00.0001000" startTime="2026-04-12T22:53:52.0731624+05:30" endTime="2026-04-12T22:53:52.0732664+05:30" testType="13cdc9d9-ddb5-4fa4-a97d-d965ccfc6d4b" outcome="Passed" testListId="8c84fa94-04c1-424b-9868-57a2d4851a1d" relativeResultsDirectory="b018d9d7-a165-4cb0-b9af-71c231c7543d" />
    <UnitTestResult executionId="1558e784-0165-44c2-a0a9-8f6027f9fca9" testId="d9ff3af5-ab29-d08d-2e78-02d279bf968c" testName="AlreadyCancelled_ThrowsBusinessRuleNotValidation" computerName="FLEEK" duration="00:00:00.0017500" startTime="2026-04-12T22:53:52.0677287+05:30" endTime="2026-04-12T22:53:52.0694781+05:30" testType="13cdc9d9-ddb5-4fa4-a97d-d965ccfc6d4b" outcome="Passed" testListId="8c84fa94-04c1-424b-9868-57a2d4851a1d" relativeResultsDirectory="1558e784-0165-44c2-a0a9-8f6027f9fca9" />
    <UnitTestResult executionId="802723ce-516b-4bef-a8b5-c6674996e3de" testId="f30d721c-8be3-7239-65c5-66c510309870" testName="SubmitClaim_WithDocuments_TransitionsToSubmitted" computerName="FLEEK" duration="00:00:00.0139430" startTime="2026-04-12T22:53:52.0315561+05:30" endTime="2026-04-12T22:53:52.0454981+05:30" testType="13cdc9d9-ddb5-4fa4-a97d-d965ccfc6d4b" outcome="Passed" testListId="8c84fa94-04c1-424b-9868-57a2d4851a1d" relativeResultsDirectory="802723ce-516b-4bef-a8b5-c6674996e3de" />
    <UnitTestResult executionId="ad031850-6b27-47df-a320-422eb64ae7c0" testId="a0285872-50b3-7405-c825-db5c7ff09871" testName="UnauthorizedException_CarriesMessage" computerName="FLEEK" duration="00:00:00.0003020" startTime="2026-04-12T22:53:52.0916666+05:30" endTime="2026-04-12T22:53:52.0919684+05:30" testType="13cdc9d9-ddb5-4fa4-a97d-d965ccfc6d4b" outcome="Passed" testListId="8c84fa94-04c1-424b-9868-57a2d4851a1d" relativeResultsDirectory="ad031850-6b27-47df-a320-422eb64ae7c0" />
    <UnitTestResult executionId="fd297072-5bed-45c5-8424-34bf82dcfb31" testId="f66a58dd-b5ed-72d9-185c-bec7efbbfeb8" testName="ValidationException_CarriesMessage" computerName="FLEEK" duration="00:00:00.0002930" startTime="2026-04-12T22:53:52.0920007+05:30" endTime="2026-04-12T22:53:52.0922935+05:30" testType="13cdc9d9-ddb5-4fa4-a97d-d965ccfc6d4b" outcome="Passed" testListId="8c84fa94-04c1-424b-9868-57a2d4851a1d" relativeResultsDirectory="fd297072-5bed-45c5-8424-34bf82dcfb31" />
    <UnitTestResult executionId="834d3a44-6b48-46fb-8634-647687e5cb74" testId="c53d1689-8576-bad6-a73d-8aa84495a095" testName="Login_UserNotFound_ThrowsUnauthorizedException" computerName="FLEEK" duration="00:00:00.0017160" startTime="2026-04-12T22:53:50.9019624+05:30" endTime="2026-04-12T22:53:50.9036784+05:30" testType="13cdc9d9-ddb5-4fa4-a97d-d965ccfc6d4b" outcome="Passed" testListId="8c84fa94-04c1-424b-9868-57a2d4851a1d" relativeResultsDirectory="834d3a44-6b48-46fb-8634-647687e5cb74" />
    <UnitTestResult executionId="8760d778-0f3a-47dd-9124-57381820afa6" testId="b4782cad-02c2-5dfa-1ddd-d2f2bcf4ad13" testName="Login_WrongPassword_ThrowsUnauthorizedException" computerName="FLEEK" duration="00:00:00.9890690" startTime="2026-04-12T22:53:50.9037082+05:30" endTime="2026-04-12T22:53:51.8927767+05:30" testType="13cdc9d9-ddb5-4fa4-a97d-d965ccfc6d4b" outcome="Passed" testListId="8c84fa94-04c1-424b-9868-57a2d4851a1d" relativeResultsDirectory="8760d778-0f3a-47dd-9124-57381820afa6" />
    <UnitTestResult executionId="c11168bb-0ce2-4b4d-bf58-e4a83b1ef557" testId="534f6a72-6fb4-4440-b275-e80ca8950eda" testName="GetAuditLogs_PageSizeTooLarge_ThrowsValidationException" computerName="FLEEK" duration="00:00:00.0066980" startTime="2026-04-12T22:53:50.7992334+05:30" endTime="2026-04-12T22:53:50.8059317+05:30" testType="13cdc9d9-ddb5-4fa4-a97d-d965ccfc6d4b" outcome="Passed" testListId="8c84fa94-04c1-424b-9868-57a2d4851a1d" relativeResultsDirectory="c11168bb-0ce2-4b4d-bf58-e4a83b1ef557" />
    <UnitTestResult executionId="19774113-cdb4-4a70-8ed4-a0ec053eafbb" testId="32bf45df-94e8-e58e-2c9b-9acd42fa60a7" testName="SubmitClaim_NotDraft_ThrowsBusinessRuleException" computerName="FLEEK" duration="00:00:00.0029010" startTime="2026-04-12T22:53:52.0285835+05:30" endTime="2026-04-12T22:53:52.0314834+05:30" testType="13cdc9d9-ddb5-4fa4-a97d-d965ccfc6d4b" outcome="Passed" testListId="8c84fa94-04c1-424b-9868-57a2d4851a1d" relativeResultsDirectory="19774113-cdb4-4a70-8ed4-a0ec053eafbb" />
    <UnitTestResult executionId="25bb8110-49a5-42bc-9dab-75620ab3ffc5" testId="fba7fcb6-2162-b68a-c9c1-8650b2d5dff4" testName="Register_WeakPassword_ThrowsValidationException" computerName="FLEEK" duration="00:00:00.0006980" startTime="2026-04-12T22:53:51.9134398+05:30" endTime="2026-04-12T22:53:51.9141382+05:30" testType="13cdc9d9-ddb5-4fa4-a97d-d965ccfc6d4b" outcome="Passed" testListId="8c84fa94-04c1-424b-9868-57a2d4851a1d" relativeResultsDirectory="25bb8110-49a5-42bc-9dab-75620ab3ffc5" />
    <UnitTestResult executionId="968d44b4-c619-41c9-866d-c90edd16f2bf" testId="a7668248-0372-b105-111f-5ef880c676d5" testName="InsuranceDate_InPast_IsInvalid" computerName="FLEEK" duration="00:00:00.0009930" startTime="2026-04-12T22:53:52.0751244+05:30" endTime="2026-04-12T22:53:52.0761169+05:30" testType="13cdc9d9-ddb5-4fa4-a97d-d965ccfc6d4b" outcome="Passed" testListId="8c84fa94-04c1-424b-9868-57a2d4851a1d" relativeResultsDirectory="968d44b4-c619-41c9-866d-c90edd16f2bf" />
    <UnitTestResult executionId="778c2d84-6956-4ea4-9769-c21710e074a2" testId="84b6f8fc-c4b1-6cde-cbc3-515ccb88428d" testName="ConflictException_CarriesMessage" computerName="FLEEK" duration="00:00:00.0005320" startTime="2026-04-12T22:53:52.0884823+05:30" endTime="2026-04-12T22:53:52.0890133+05:30" testType="13cdc9d9-ddb5-4fa4-a97d-d965ccfc6d4b" outcome="Passed" testListId="8c84fa94-04c1-424b-9868-57a2d4851a1d" relativeResultsDirectory="778c2d84-6956-4ea4-9769-c21710e074a2" />
    <UnitTestResult executionId="d085d8b3-c23f-48ba-bd12-d81989457f34" testId="125af76f-a743-1e0c-f23c-dfa6c98f5878" testName="ClaimStateTransition_Validation(&quot;UNDER_REVIEW&quot;,&quot;APPROVED&quot;,True)" computerName="FLEEK" duration="00:00:00.0013029" startTime="2026-04-12T22:53:52.0717978+05:30" endTime="2026-04-12T22:53:52.0731006+05:30" testType="13cdc9d9-ddb5-4fa4-a97d-d965ccfc6d4b" outcome="Passed" testListId="8c84fa94-04c1-424b-9868-57a2d4851a1d" relativeResultsDirectory="d085d8b3-c23f-48ba-bd12-d81989457f34" />
    <UnitTestResult executionId="2fa282ae-77eb-49ef-a4de-40f252bc1906" testId="4df6f16c-8941-6c08-b2bc-e71dc5d25de2" testName="CoverageAmount_Validation(9999,False)" computerName="FLEEK" duration="00:00:00.0006450" startTime="2026-04-12T22:53:52.0742128+05:30" endTime="2026-04-12T22:53:52.0748578+05:30" testType="13cdc9d9-ddb5-4fa4-a97d-d965ccfc6d4b" outcome="Passed" testListId="8c84fa94-04c1-424b-9868-57a2d4851a1d" relativeResultsDirectory="2fa282ae-77eb-49ef-a4de-40f252bc1906" />
    <UnitTestResult executionId="65948068-212c-4d2b-a7cf-2306c19b8a96" testId="e0eeccf8-17fe-2cbf-951a-fe1cdc03c1b6" testName="HttpServiceException_DefaultStatusCode_Is500" computerName="FLEEK" duration="00:00:00.0004690" startTime="2026-04-12T22:53:52.0908029+05:30" endTime="2026-04-12T22:53:52.0912720+05:30" testType="13cdc9d9-ddb5-4fa4-a97d-d965ccfc6d4b" outcome="Passed" testListId="8c84fa94-04c1-424b-9868-57a2d4851a1d" relativeResultsDirectory="65948068-212c-4d2b-a7cf-2306c19b8a96" />
    <UnitTestResult executionId="d5b42550-414e-4e11-82bd-89f83256eea9" testId="9dbad930-be8d-630d-0962-a5d0105d2532" testName="CoverageAmount_Validation(50000000,True)" computerName="FLEEK" duration="00:00:00.0000290" startTime="2026-04-12T22:53:52.0750010+05:30" endTime="2026-04-12T22:53:52.0750304+05:30" testType="13cdc9d9-ddb5-4fa4-a97d-d965ccfc6d4b" outcome="Passed" testListId="8c84fa94-04c1-424b-9868-57a2d4851a1d" relativeResultsDirectory="d5b42550-414e-4e11-82bd-89f83256eea9" />
    <UnitTestResult executionId="6a161ce6-0394-428a-929e-183f70f8091a" testId="be470f09-d476-1518-ea14-cc1fe058236f" testName="GetAuditLogs_ZeroPageSize_ThrowsValidationException" computerName="FLEEK" duration="00:00:00.0005590" startTime="2026-04-12T22:53:50.8367509+05:30" endTime="2026-04-12T22:53:50.8373095+05:30" testType="13cdc9d9-ddb5-4fa4-a97d-d965ccfc6d4b" outcome="Passed" testListId="8c84fa94-04c1-424b-9868-57a2d4851a1d" relativeResultsDirectory="6a161ce6-0394-428a-929e-183f70f8091a" />
    <UnitTestResult executionId="87cbeb9b-9317-4f2e-91d3-5b35054e685d" testId="4d7f5b47-fefc-f1cf-501b-11d49a42effd" testName="UploadDocument_NonDraftClaim_ThrowsBusinessRuleException" computerName="FLEEK" duration="00:00:00.0046020" startTime="2026-04-12T22:53:52.0626392+05:30" endTime="2026-04-12T22:53:52.0672403+05:30" testType="13cdc9d9-ddb5-4fa4-a97d-d965ccfc6d4b" outcome="Passed" testListId="8c84fa94-04c1-424b-9868-57a2d4851a1d" relativeResultsDirectory="87cbeb9b-9317-4f2e-91d3-5b35054e685d" />
    <UnitTestResult executionId="91cf82c9-bd5b-4801-98f6-d980c4766125" testId="212f22b5-e656-19a4-f56d-3cb28ea65eb0" testName="GetAuditLogs_ValidParams_ReturnsPaginatedResult" computerName="FLEEK" duration="00:00:00.0296130" startTime="2026-04-12T22:53:50.8061414+05:30" endTime="2026-04-12T22:53:50.8357517+05:30" testType="13cdc9d9-ddb5-4fa4-a97d-d965ccfc6d4b" outcome="Passed" testListId="8c84fa94-04c1-424b-9868-57a2d4851a1d" relativeResultsDirectory="91cf82c9-bd5b-4801-98f6-d980c4766125" />
    <UnitTestResult executionId="af21046e-6f8b-4a27-99c7-89527ee3ab85" testId="3df17e8a-7005-4f2a-10d0-27e4a4c631f3" testName="ForbiddenException_CarriesMessage" computerName="FLEEK" duration="00:00:00.0006880" startTime="2026-04-12T22:53:52.0891517+05:30" endTime="2026-04-12T22:53:52.0898397+05:30" testType="13cdc9d9-ddb5-4fa4-a97d-d965ccfc6d4b" outcome="Passed" testListId="8c84fa94-04c1-424b-9868-57a2d4851a1d" relativeResultsDirectory="af21046e-6f8b-4a27-99c7-89527ee3ab85" />
    <UnitTestResult executionId="9a52fea7-d103-460c-9137-bd93395af6c5" testId="013534d7-acce-ca28-8e77-76c384700506" testName="PolicyStatus_Constants_HaveCorrectValues" computerName="FLEEK" duration="00:00:00.0004030" startTime="2026-04-12T22:53:52.0781482+05:30" endTime="2026-04-12T22:53:52.0785511+05:30" testType="13cdc9d9-ddb5-4fa4-a97d-d965ccfc6d4b" outcome="Passed" testListId="8c84fa94-04c1-424b-9868-57a2d4851a1d" relativeResultsDirectory="9a52fea7-d103-460c-9137-bd93395af6c5" />
    <UnitTestResult executionId="18868856-f988-470e-9507-9e9f92f79c6f" testId="2d53199d-4daf-e985-6867-e616ac69fdf9" testName="Register_ValidData_SendsOtpAndReturnsMessage" computerName="FLEEK" duration="00:00:00.0077780" startTime="2026-04-12T22:53:51.9056087+05:30" endTime="2026-04-12T22:53:51.9133864+05:30" testType="13cdc9d9-ddb5-4fa4-a97d-d965ccfc6d4b" outcome="Passed" testListId="8c84fa94-04c1-424b-9868-57a2d4851a1d" relativeResultsDirectory="18868856-f988-470e-9507-9e9f92f79c6f" />
    <UnitTestResult executionId="a636a6f5-0e2c-45a9-8293-e6047fdf02e2" testId="dbd84af2-3cd7-d007-b5df-00fbad8a2e23" testName="TermMonths_Validation(121,False)" computerName="FLEEK" duration="00:00:00.0000300" startTime="2026-04-12T22:53:52.0862789+05:30" endTime="2026-04-12T22:53:52.0863085+05:30" testType="13cdc9d9-ddb5-4fa4-a97d-d965ccfc6d4b" outcome="Passed" testListId="8c84fa94-04c1-424b-9868-57a2d4851a1d" relativeResultsDirectory="a636a6f5-0e2c-45a9-8293-e6047fdf02e2" />
    <UnitTestResult executionId="776913b3-df14-401f-b7a4-226f7a2a914f" testId="a518fc01-1f07-4c57-5e19-77b52fa1d2e4" testName="CreateClaim_ZeroAmount_ThrowsValidationException" computerName="FLEEK" duration="00:00:00.0016510" startTime="2026-04-12T22:53:52.0028559+05:30" endTime="2026-04-12T22:53:52.0045069+05:30" testType="13cdc9d9-ddb5-4fa4-a97d-d965ccfc6d4b" outcome="Passed" testListId="8c84fa94-04c1-424b-9868-57a2d4851a1d" relativeResultsDirectory="776913b3-df14-401f-b7a4-226f7a2a914f" />
    <UnitTestResult executionId="176290d0-7fdf-455e-a4fb-43c33439d4d2" testId="9b03d031-fde7-b2d7-9058-c03fdd70c322" testName="InsuranceDate_MoreThanOneYearAhead_IsInvalid" computerName="FLEEK" duration="00:00:00.0004280" startTime="2026-04-12T22:53:52.0761490+05:30" endTime="2026-04-12T22:53:52.0765763+05:30" testType="13cdc9d9-ddb5-4fa4-a97d-d965ccfc6d4b" outcome="Passed" testListId="8c84fa94-04c1-424b-9868-57a2d4851a1d" relativeResultsDirectory="176290d0-7fdf-455e-a4fb-43c33439d4d2" />
    <UnitTestResult executionId="f65d8529-5149-4090-b602-b5be3753383c" testId="5682ab1a-ddae-d282-10bf-0a8c122250c0" testName="GetDashboardStats_SecondCall_ReturnsCachedResult" computerName="FLEEK" duration="00:00:00.0204489" startTime="2026-04-12T22:53:50.8373308+05:30" endTime="2026-04-12T22:53:50.8577792+05:30" testType="13cdc9d9-ddb5-4fa4-a97d-d965ccfc6d4b" outcome="Passed" testListId="8c84fa94-04c1-424b-9868-57a2d4851a1d" relativeResultsDirectory="f65d8529-5149-4090-b602-b5be3753383c" />
    <UnitTestResult executionId="9175901d-a64f-42af-a41e-e680505da236" testId="8581d18c-d3df-c1ac-2bd1-71c241b994ef" testName="TermMonths_Validation(0,False)" computerName="FLEEK" duration="00:00:00.0004070" startTime="2026-04-12T22:53:52.0850435+05:30" endTime="2026-04-12T22:53:52.0854504+05:30" testType="13cdc9d9-ddb5-4fa4-a97d-d965ccfc6d4b" outcome="Passed" testListId="8c84fa94-04c1-424b-9868-57a2d4851a1d" relativeResultsDirectory="9175901d-a64f-42af-a41e-e680505da236" />
    <UnitTestResult executionId="e2960158-3516-418e-9ad8-97088274eaf1" testId="f4074f52-8762-1a90-159f-401643c81154" testName="PremiumCalculation_DoubledCoverage_DoublesPremium" computerName="FLEEK" duration="00:00:00.0022600" startTime="2026-04-12T22:53:52.0785819+05:30" endTime="2026-04-12T22:53:52.0808418+05:30" testType="13cdc9d9-ddb5-4fa4-a97d-d965ccfc6d4b" outcome="Passed" testListId="8c84fa94-04c1-424b-9868-57a2d4851a1d" relativeResultsDirectory="e2960158-3516-418e-9ad8-97088274eaf1" />
    <UnitTestResult executionId="e9a420fd-ad02-4842-ac46-729d9db10201" testId="167a31bd-15d0-67d8-9c6f-b01d272e7e12" testName="ClaimStateTransition_Validation(&quot;APPROVED&quot;,&quot;REJECTED&quot;,False)" computerName="FLEEK" duration="00:00:00.0000349" startTime="2026-04-12T22:53:52.0734621+05:30" endTime="2026-04-12T22:53:52.0734968+05:30" testType="13cdc9d9-ddb5-4fa4-a97d-d965ccfc6d4b" outcome="Passed" testListId="8c84fa94-04c1-424b-9868-57a2d4851a1d" relativeResultsDirectory="e9a420fd-ad02-4842-ac46-729d9db10201" />
    <UnitTestResult executionId="97be2c87-1e89-4b0e-9e7d-c73781e417e4" testId="8dad4184-1b7c-f4bb-dff0-bdad3947aabe" testName="GetAuditLogs_ZeroPage_ThrowsValidationException" computerName="FLEEK" duration="00:00:00.0009240" startTime="2026-04-12T22:53:50.8357910+05:30" endTime="2026-04-12T22:53:50.8367143+05:30" testType="13cdc9d9-ddb5-4fa4-a97d-d965ccfc6d4b" outcome="Passed" testListId="8c84fa94-04c1-424b-9868-57a2d4851a1d" relativeResultsDirectory="97be2c87-1e89-4b0e-9e7d-c73781e417e4" />
    <UnitTestResult executionId="21557e61-d92d-4f30-8061-d68e15618ddc" testId="2751a61d-6cce-0ba8-4808-bef1a20e9b85" testName="SubmitClaim_WrongUser_ThrowsForbiddenException" computerName="FLEEK" duration="00:00:00.0032910" startTime="2026-04-12T22:53:52.0455721+05:30" endTime="2026-04-12T22:53:52.0488621+05:30" testType="13cdc9d9-ddb5-4fa4-a97d-d965ccfc6d4b" outcome="Passed" testListId="8c84fa94-04c1-424b-9868-57a2d4851a1d" relativeResultsDirectory="21557e61-d92d-4f30-8061-d68e15618ddc" />
    <UnitTestResult executionId="b0ec7ede-1767-44f1-88d4-4078be7230eb" testId="5fab8ff0-b8c3-9528-f550-425b85993d4b" testName="UploadDocument_FileTooLarge_ThrowsValidationException" computerName="FLEEK" duration="00:00:00.0092380" startTime="2026-04-12T22:53:52.0489264+05:30" endTime="2026-04-12T22:53:52.0581632+05:30" testType="13cdc9d9-ddb5-4fa4-a97d-d965ccfc6d4b" outcome="Passed" testListId="8c84fa94-04c1-424b-9868-57a2d4851a1d" relativeResultsDirectory="b0ec7ede-1767-44f1-88d4-4078be7230eb" />
    <UnitTestResult executionId="9e3a0fca-9e30-4890-9efa-62bc913c5057" testId="2474579d-fe78-a91b-6598-b426d91673f4" testName="Register_DuplicateEmail_ThrowsConflictException" computerName="FLEEK" duration="00:00:00.0104600" startTime="2026-04-12T22:53:51.8928295+05:30" endTime="2026-04-12T22:53:51.9032889+05:30" testType="13cdc9d9-ddb5-4fa4-a97d-d965ccfc6d4b" outcome="Passed" testListId="8c84fa94-04c1-424b-9868-57a2d4851a1d" relativeResultsDirectory="9e3a0fca-9e30-4890-9efa-62bc913c5057" />
    <UnitTestResult executionId="84d6cc26-d046-4ce8-b4ee-e261a3337e43" testId="5894a5bc-49ec-e94f-c734-e465dd7b6c28" testName="Register_ShortPassword_ThrowsValidationException" computerName="FLEEK" duration="00:00:00.0005040" startTime="2026-04-12T22:53:51.9050885+05:30" endTime="2026-04-12T22:53:51.9055922+05:30" testType="13cdc9d9-ddb5-4fa4-a97d-d965ccfc6d4b" outcome="Passed" testListId="8c84fa94-04c1-424b-9868-57a2d4851a1d" relativeResultsDirectory="84d6cc26-d046-4ce8-b4ee-e261a3337e43" />
    <UnitTestResult executionId="fafdd00c-8585-4cc9-a3a5-252373bdd36d" testId="e4c305bb-ba85-79b4-7a8a-cd4767c1af78" testName="CoverageAmount_Validation(10000,True)" computerName="FLEEK" duration="00:00:00.0000480" startTime="2026-04-12T22:53:52.0748892+05:30" endTime="2026-04-12T22:53:52.0749371+05:30" testType="13cdc9d9-ddb5-4fa4-a97d-d965ccfc6d4b" outcome="Passed" testListId="8c84fa94-04c1-424b-9868-57a2d4851a1d" relativeResultsDirectory="fafdd00c-8585-4cc9-a3a5-252373bdd36d" />
    <UnitTestResult executionId="828df6ad-ee24-4fd1-a1de-f5cbf14facba" testId="f1732c9a-cd80-392c-2936-eabf70f8fcb5" testName="ClaimStateTransition_Validation(&quot;SUBMITTED&quot;,&quot;UNDER_REVIEW&quot;,True)" computerName="FLEEK" duration="00:00:00.0021940" startTime="2026-04-12T22:53:52.0695690+05:30" endTime="2026-04-12T22:53:52.0717620+05:30" testType="13cdc9d9-ddb5-4fa4-a97d-d965ccfc6d4b" outcome="Passed" testListId="8c84fa94-04c1-424b-9868-57a2d4851a1d" relativeResultsDirectory="828df6ad-ee24-4fd1-a1de-f5cbf14facba" />
    <UnitTestResult executionId="5ecc855f-7f5a-4daf-9905-268c20537284" testId="99bdfddb-5ec6-9dc5-077e-f90bf60fbd7d" testName="ClaimStateTransition_Validation(&quot;SUBMITTED&quot;,&quot;APPROVED&quot;,False)" computerName="FLEEK" duration="00:00:00.0000370" startTime="2026-04-12T22:53:52.0733964+05:30" endTime="2026-04-12T22:53:52.0734320+05:30" testType="13cdc9d9-ddb5-4fa4-a97d-d965ccfc6d4b" outcome="Passed" testListId="8c84fa94-04c1-424b-9868-57a2d4851a1d" relativeResultsDirectory="5ecc855f-7f5a-4daf-9905-268c20537284" />
    <UnitTestResult executionId="4a2df61d-8e19-4ca8-aac6-6c2e8782db16" testId="65ce36c1-9906-da1c-f1fa-1235ed37f9b9" testName="BusinessRuleException_CarriesMessage" computerName="FLEEK" duration="00:00:00.0003530" startTime="2026-04-12T22:53:52.0880973+05:30" endTime="2026-04-12T22:53:52.0884499+05:30" testType="13cdc9d9-ddb5-4fa4-a97d-d965ccfc6d4b" outcome="Passed" testListId="8c84fa94-04c1-424b-9868-57a2d4851a1d" relativeResultsDirectory="4a2df61d-8e19-4ca8-aac6-6c2e8782db16" />
    <UnitTestResult executionId="02180abd-bbe0-4229-9320-ead1056f8c5e" testId="73dd12aa-e36d-db87-c136-46cebbcbbfd1" testName="SubmitClaim_NoDocuments_ThrowsBusinessRuleException" computerName="FLEEK" duration="00:00:00.0170390" startTime="2026-04-12T22:53:52.0114736+05:30" endTime="2026-04-12T22:53:52.0285119+05:30" testType="13cdc9d9-ddb5-4fa4-a97d-d965ccfc6d4b" outcome="Passed" testListId="8c84fa94-04c1-424b-9868-57a2d4851a1d" relativeResultsDirectory="02180abd-bbe0-4229-9320-ead1056f8c5e" />
    <UnitTestResult executionId="7f1660e8-8108-444d-837e-13d455783b60" testId="3b44b0c9-e703-7d83-f82e-6dff65590671" testName="Login_EmptyPassword_ThrowsValidationException" computerName="FLEEK" duration="00:00:00.0007190" startTime="2026-04-12T22:53:50.9010642+05:30" endTime="2026-04-12T22:53:50.9017824+05:30" testType="13cdc9d9-ddb5-4fa4-a97d-d965ccfc6d4b" outcome="Passed" testListId="8c84fa94-04c1-424b-9868-57a2d4851a1d" relativeResultsDirectory="7f1660e8-8108-444d-837e-13d455783b60" />
    <UnitTestResult executionId="0cd1cc07-7689-403b-af72-eea491c5e001" testId="ff76c4a9-1400-9e41-c59b-d293a0c5d93b" testName="ExportReportPdf_ReportNotFound_ThrowsNotFoundException" computerName="FLEEK" duration="00:00:00.5179330" startTime="2026-04-12T22:53:50.2774367+05:30" endTime="2026-04-12T22:53:50.7951729+05:30" testType="13cdc9d9-ddb5-4fa4-a97d-d965ccfc6d4b" outcome="Passed" testListId="8c84fa94-04c1-424b-9868-57a2d4851a1d" relativeResultsDirectory="0cd1cc07-7689-403b-af72-eea491c5e001" />
    <UnitTestResult executionId="e5e1a1de-eb0a-4c68-9d69-2d1055871a41" testId="6b435187-9b27-279c-eada-aa5388bd21e1" testName="TermMonths_Validation(1,True)" computerName="FLEEK" duration="00:00:00.0006200" startTime="2026-04-12T22:53:52.0855211+05:30" endTime="2026-04-12T22:53:52.0861404+05:30" testType="13cdc9d9-ddb5-4fa4-a97d-d965ccfc6d4b" outcome="Passed" testListId="8c84fa94-04c1-424b-9868-57a2d4851a1d" relativeResultsDirectory="e5e1a1de-eb0a-4c68-9d69-2d1055871a41" />
    <UnitTestResult executionId="2249d131-021a-455e-9dd7-08ca67ce393d" testId="ca8b2bde-6413-448b-3e3d-dfa04b90f53b" testName="TermMonths_Validation(120,True)" computerName="FLEEK" duration="00:00:00.0000280" startTime="2026-04-12T22:53:52.0862359+05:30" endTime="2026-04-12T22:53:52.0862633+05:30" testType="13cdc9d9-ddb5-4fa4-a97d-d965ccfc6d4b" outcome="Passed" testListId="8c84fa94-04c1-424b-9868-57a2d4851a1d" relativeResultsDirectory="2249d131-021a-455e-9dd7-08ca67ce393d" />
    <UnitTestResult executionId="c22e6f5d-191a-468c-b114-74ba1aa9593e" testId="2ab7e9d7-801a-f436-5cd9-f230603dcca7" testName="CreateClaim_ValidData_ReturnsDraftClaim" computerName="FLEEK" duration="00:00:00.0571250" startTime="2026-04-12T22:53:51.9456320+05:30" endTime="2026-04-12T22:53:52.0027564+05:30" testType="13cdc9d9-ddb5-4fa4-a97d-d965ccfc6d4b" outcome="Passed" testListId="8c84fa94-04c1-424b-9868-57a2d4851a1d" relativeResultsDirectory="c22e6f5d-191a-468c-b114-74ba1aa9593e" />
    <UnitTestResult executionId="23e6e4c9-5728-43ed-88b5-b30229b6cf73" testId="6bee14c0-de6c-9aef-2efb-0358bc5ccf8a" testName="CreateClaim_ShortDescription_ThrowsValidationException" computerName="FLEEK" duration="00:00:00.0153330" startTime="2026-04-12T22:53:51.9302393+05:30" endTime="2026-04-12T22:53:51.9455718+05:30" testType="13cdc9d9-ddb5-4fa4-a97d-d965ccfc6d4b" outcome="Passed" testListId="8c84fa94-04c1-424b-9868-57a2d4851a1d" relativeResultsDirectory="23e6e4c9-5728-43ed-88b5-b30229b6cf73" />
    <UnitTestResult executionId="66e75476-3e0d-424b-bbd9-d0b4a6447df1" testId="4d286b0e-f6a0-6f19-f4c3-a8b6592a2d07" testName="UploadDocument_InvalidFileType_ThrowsValidationException" computerName="FLEEK" duration="00:00:00.0043270" startTime="2026-04-12T22:53:52.0582443+05:30" endTime="2026-04-12T22:53:52.0625714+05:30" testType="13cdc9d9-ddb5-4fa4-a97d-d965ccfc6d4b" outcome="Passed" testListId="8c84fa94-04c1-424b-9868-57a2d4851a1d" relativeResultsDirectory="66e75476-3e0d-424b-bbd9-d0b4a6447df1" />
    <UnitTestResult executionId="b3605d25-5192-49ae-a4dc-3564bbb2caa6" testId="3badec5a-1aaf-4c13-7f77-36586f25fb1f" testName="InsuranceDate_Today_IsValid" computerName="FLEEK" duration="00:00:00.0009510" startTime="2026-04-12T22:53:52.0766080+05:30" endTime="2026-04-12T22:53:52.0775584+05:30" testType="13cdc9d9-ddb5-4fa4-a97d-d965ccfc6d4b" outcome="Passed" testListId="8c84fa94-04c1-424b-9868-57a2d4851a1d" relativeResultsDirectory="b3605d25-5192-49ae-a4dc-3564bbb2caa6" />
    <UnitTestResult executionId="20d1f89b-7e5b-47e1-8446-2d779d993999" testId="417e7782-66c3-8c65-a547-0718313924af" testName="ResetPassword_WeakNewPassword_ThrowsValidationException" computerName="FLEEK" duration="00:00:00.0114610" startTime="2026-04-12T22:53:51.9182772+05:30" endTime="2026-04-12T22:53:51.9297380+05:30" testType="13cdc9d9-ddb5-4fa4-a97d-d965ccfc6d4b" outcome="Passed" testListId="8c84fa94-04c1-424b-9868-57a2d4851a1d" relativeResultsDirectory="20d1f89b-7e5b-47e1-8446-2d779d993999" />
    <UnitTestResult executionId="be53bdda-7476-4522-b552-acf041678e5c" testId="e7a838e0-db68-3fd4-0e20-42a20e913a06" testName="Register_ShortFullName_ThrowsValidationException" computerName="FLEEK" duration="00:00:00.0005350" startTime="2026-04-12T22:53:51.9045329+05:30" endTime="2026-04-12T22:53:51.9050676+05:30" testType="13cdc9d9-ddb5-4fa4-a97d-d965ccfc6d4b" outcome="Passed" testListId="8c84fa94-04c1-424b-9868-57a2d4851a1d" relativeResultsDirectory="be53bdda-7476-4522-b552-acf041678e5c" />
    <UnitTestResult executionId="e6276171-79ae-4b8c-a0be-2c01f6a317dd" testId="93fa8063-b5b7-6f84-1954-3b294bfd2313" testName="Login_DeactivatedAccount_ThrowsUnauthorizedException" computerName="FLEEK" duration="00:00:00.0335000" startTime="2026-04-12T22:53:50.8651291+05:30" endTime="2026-04-12T22:53:50.8986295+05:30" testType="13cdc9d9-ddb5-4fa4-a97d-d965ccfc6d4b" outcome="Passed" testListId="8c84fa94-04c1-424b-9868-57a2d4851a1d" relativeResultsDirectory="e6276171-79ae-4b8c-a0be-2c01f6a317dd" />
    <UnitTestResult executionId="ff0c761d-e13a-402a-92d5-4e9cdbfdb59b" testId="7afba390-5cec-ee93-cbf6-2a65407acafb" testName="PremiumCalculation_ShortTerm_UsesFloorFactor" computerName="FLEEK" duration="00:00:00.0040540" startTime="2026-04-12T22:53:52.0808775+05:30" endTime="2026-04-12T22:53:52.0849310+05:30" testType="13cdc9d9-ddb5-4fa4-a97d-d965ccfc6d4b" outcome="Passed" testListId="8c84fa94-04c1-424b-9868-57a2d4851a1d" relativeResultsDirectory="ff0c761d-e13a-402a-92d5-4e9cdbfdb59b" />
    <UnitTestResult executionId="e9a2a6cd-5335-4edd-a2d8-39835982bf16" testId="9ff7fecf-09ce-e3ca-fc70-5cc29a43b92f" testName="Login_EmptyEmail_ThrowsValidationException" computerName="FLEEK" duration="00:00:00.0023490" startTime="2026-04-12T22:53:50.8986780+05:30" endTime="2026-04-12T22:53:50.9010263+05:30" testType="13cdc9d9-ddb5-4fa4-a97d-d965ccfc6d4b" outcome="Passed" testListId="8c84fa94-04c1-424b-9868-57a2d4851a1d" relativeResultsDirectory="e9a2a6cd-5335-4edd-a2d8-39835982bf16" />
    <UnitTestResult executionId="71c5a8f3-8d39-4c5a-a6e3-0d1d87afda22" testId="f6178e12-f9b9-6b57-e2d0-4ddedf80d1be" testName="HttpServiceException_CarriesMessageAndStatusCode" computerName="FLEEK" duration="00:00:00.0008680" startTime="2026-04-12T22:53:52.0898897+05:30" endTime="2026-04-12T22:53:52.0907568+05:30" testType="13cdc9d9-ddb5-4fa4-a97d-d965ccfc6d4b" outcome="Passed" testListId="8c84fa94-04c1-424b-9868-57a2d4851a1d" relativeResultsDirectory="71c5a8f3-8d39-4c5a-a6e3-0d1d87afda22" />
    <UnitTestResult executionId="4067d85a-9dcc-4fb9-b08c-0461a7daa187" testId="de3e5d27-a0b1-0ebe-90f9-e70fe9aacfec" testName="TermMonths_Validation(12,True)" computerName="FLEEK" duration="00:00:00.0000440" startTime="2026-04-12T22:53:52.0861734+05:30" endTime="2026-04-12T22:53:52.0862177+05:30" testType="13cdc9d9-ddb5-4fa4-a97d-d965ccfc6d4b" outcome="Passed" testListId="8c84fa94-04c1-424b-9868-57a2d4851a1d" relativeResultsDirectory="4067d85a-9dcc-4fb9-b08c-0461a7daa187" />
    <UnitTestResult executionId="6b2d0754-bec2-4755-83ef-fe99eb2870eb" testId="4371d33b-e346-0f23-d88d-1f6c01f74ff5" testName="RequestPasswordReset_UnknownEmail_SilentlySucceeds" computerName="FLEEK" duration="00:00:00.0040830" startTime="2026-04-12T22:53:51.9141585+05:30" endTime="2026-04-12T22:53:51.9182414+05:30" testType="13cdc9d9-ddb5-4fa4-a97d-d965ccfc6d4b" outcome="Passed" testListId="8c84fa94-04c1-424b-9868-57a2d4851a1d" relativeResultsDirectory="6b2d0754-bec2-4755-83ef-fe99eb2870eb" />
    <UnitTestResult executionId="11d074c4-d39d-4dd5-9478-8545a44b17cb" testId="6d32e51a-81e1-449c-4e16-04e5328913a3" testName="CoverageAmount_Validation(50000001,False)" computerName="FLEEK" duration="00:00:00.0000260" startTime="2026-04-12T22:53:52.0750461+05:30" endTime="2026-04-12T22:53:52.0750723+05:30" testType="13cdc9d9-ddb5-4fa4-a97d-d965ccfc6d4b" outcome="Passed" testListId="8c84fa94-04c1-424b-9868-57a2d4851a1d" relativeResultsDirectory="11d074c4-d39d-4dd5-9478-8545a44b17cb" />
    <UnitTestResult executionId="61445305-af8a-45f4-8faa-0399c4a3af53" testId="80bb4e6d-574a-eb78-a218-1f3e2953c336" testName="CoverageAmount_Validation(0,False)" computerName="FLEEK" duration="00:00:00.0005660" startTime="2026-04-12T22:53:52.0736027+05:30" endTime="2026-04-12T22:53:52.0741680+05:30" testType="13cdc9d9-ddb5-4fa4-a97d-d965ccfc6d4b" outcome="Passed" testListId="8c84fa94-04c1-424b-9868-57a2d4851a1d" relativeResultsDirectory="61445305-af8a-45f4-8faa-0399c4a3af53" />
  </Results>
  <TestDefinitions>
    <UnitTest name="NotFoundException_CarriesMessage" storage="c:\users\avish\desktop\smart-sure\backend\smartsure.tests\bin\debug\net10.0\smartsure.tests.dll" id="a5d15f7b-2c11-7c21-e4ec-1c40fe3dd66d">
      <Execution id="a07ac7b0-6b2d-4814-9afd-b22bf0d2e70a" />
      <TestMethod codeBase="C:\Users\avish\Desktop\Smart-Sure\Backend\SmartSure.Tests\bin\Debug\net10.0\SmartSure.Tests.dll" adapterTypeName="executor://nunit3testexecutor/" className="SmartSure.Tests.SharedExceptions.ExceptionTests" name="NotFoundException_CarriesMessage" />
    </UnitTest>
    <UnitTest name="Register_WeakPassword_ThrowsValidationException" storage="c:\users\avish\desktop\smart-sure\backend\smartsure.tests\bin\debug\net10.0\smartsure.tests.dll" id="fba7fcb6-2162-b68a-c9c1-8650b2d5dff4">
      <Execution id="25bb8110-49a5-42bc-9dab-75620ab3ffc5" />
      <TestMethod codeBase="C:\Users\avish\Desktop\Smart-Sure\Backend\SmartSure.Tests\bin\Debug\net10.0\SmartSure.Tests.dll" adapterTypeName="executor://nunit3testexecutor/" className="SmartSure.Tests.AuthService.AuthServiceTests" name="Register_WeakPassword_ThrowsValidationException" />
    </UnitTest>
    <UnitTest name="TermMonths_Validation(0,False)" storage="c:\users\avish\desktop\smart-sure\backend\smartsure.tests\bin\debug\net10.0\smartsure.tests.dll" id="8581d18c-d3df-c1ac-2bd1-71c241b994ef">
      <Execution id="9175901d-a64f-42af-a41e-e680505da236" />
      <TestMethod codeBase="C:\Users\avish\Desktop\Smart-Sure\Backend\SmartSure.Tests\bin\Debug\net10.0\SmartSure.Tests.dll" adapterTypeName="executor://nunit3testexecutor/" className="SmartSure.Tests.PolicyService.PolicyServiceTests" name="TermMonths_Validation(0,False)" />
    </UnitTest>
    <UnitTest name="Register_ShortFullName_ThrowsValidationException" storage="c:\users\avish\desktop\smart-sure\backend\smartsure.tests\bin\debug\net10.0\smartsure.tests.dll" id="e7a838e0-db68-3fd4-0e20-42a20e913a06">
      <Execution id="be53bdda-7476-4522-b552-acf041678e5c" />
      <TestMethod codeBase="C:\Users\avish\Desktop\Smart-Sure\Backend\SmartSure.Tests\bin\Debug\net10.0\SmartSure.Tests.dll" adapterTypeName="executor://nunit3testexecutor/" className="SmartSure.Tests.AuthService.AuthServiceTests" name="Register_ShortFullName_ThrowsValidationException" />
    </UnitTest>
    <UnitTest name="ClaimStateTransition_Validation(&quot;SUBMITTED&quot;,&quot;APPROVED&quot;,False)" storage="c:\users\avish\desktop\smart-sure\backend\smartsure.tests\bin\debug\net10.0\smartsure.tests.dll" id="99bdfddb-5ec6-9dc5-077e-f90bf60fbd7d">
      <Execution id="5ecc855f-7f5a-4daf-9905-268c20537284" />
      <TestMethod codeBase="C:\Users\avish\Desktop\Smart-Sure\Backend\SmartSure.Tests\bin\Debug\net10.0\SmartSure.Tests.dll" adapterTypeName="executor://nunit3testexecutor/" className="SmartSure.Tests.PolicyService.PolicyServiceTests" name="ClaimStateTransition_Validation(&quot;SUBMITTED&quot;,&quot;APPROVED&quot;,False)" />
    </UnitTest>
    <UnitTest name="InsuranceDate_MoreThanOneYearAhead_IsInvalid" storage="c:\users\avish\desktop\smart-sure\backend\smartsure.tests\bin\debug\net10.0\smartsure.tests.dll" id="9b03d031-fde7-b2d7-9058-c03fdd70c322">
      <Execution id="176290d0-7fdf-455e-a4fb-43c33439d4d2" />
      <TestMethod codeBase="C:\Users\avish\Desktop\Smart-Sure\Backend\SmartSure.Tests\bin\Debug\net10.0\SmartSure.Tests.dll" adapterTypeName="executor://nunit3testexecutor/" className="SmartSure.Tests.PolicyService.PolicyServiceTests" name="InsuranceDate_MoreThanOneYearAhead_IsInvalid" />
    </UnitTest>
    <UnitTest name="ClaimStateTransition_Validation(&quot;UNDER_REVIEW&quot;,&quot;APPROVED&quot;,True)" storage="c:\users\avish\desktop\smart-sure\backend\smartsure.tests\bin\debug\net10.0\smartsure.tests.dll" id="125af76f-a743-1e0c-f23c-dfa6c98f5878">
      <Execution id="d085d8b3-c23f-48ba-bd12-d81989457f34" />
      <TestMethod codeBase="C:\Users\avish\Desktop\Smart-Sure\Backend\SmartSure.Tests\bin\Debug\net10.0\SmartSure.Tests.dll" adapterTypeName="executor://nunit3testexecutor/" className="SmartSure.Tests.PolicyService.PolicyServiceTests" name="ClaimStateTransition_Validation(&quot;UNDER_REVIEW&quot;,&quot;APPROVED&quot;,True)" />
    </UnitTest>
    <UnitTest name="TermMonths_Validation(12,True)" storage="c:\users\avish\desktop\smart-sure\backend\smartsure.tests\bin\debug\net10.0\smartsure.tests.dll" id="de3e5d27-a0b1-0ebe-90f9-e70fe9aacfec">
      <Execution id="4067d85a-9dcc-4fb9-b08c-0461a7daa187" />
      <TestMethod codeBase="C:\Users\avish\Desktop\Smart-Sure\Backend\SmartSure.Tests\bin\Debug\net10.0\SmartSure.Tests.dll" adapterTypeName="executor://nunit3testexecutor/" className="SmartSure.Tests.PolicyService.PolicyServiceTests" name="TermMonths_Validation(12,True)" />
    </UnitTest>
    <UnitTest name="CoverageAmount_Validation(500000,True)" storage="c:\users\avish\desktop\smart-sure\backend\smartsure.tests\bin\debug\net10.0\smartsure.tests.dll" id="2541f7cb-9bf4-4996-9814-eee3f3b802d0">
      <Execution id="d13eb817-037c-4142-96fa-b5b8a730d665" />
      <TestMethod codeBase="C:\Users\avish\Desktop\Smart-Sure\Backend\SmartSure.Tests\bin\Debug\net10.0\SmartSure.Tests.dll" adapterTypeName="executor://nunit3testexecutor/" className="SmartSure.Tests.PolicyService.PolicyServiceTests" name="CoverageAmount_Validation(500000,True)" />
    </UnitTest>
    <UnitTest name="Register_ShortPassword_ThrowsValidationException" storage="c:\users\avish\desktop\smart-sure\backend\smartsure.tests\bin\debug\net10.0\smartsure.tests.dll" id="5894a5bc-49ec-e94f-c734-e465dd7b6c28">
      <Execution id="84d6cc26-d046-4ce8-b4ee-e261a3337e43" />
      <TestMethod codeBase="C:\Users\avish\Desktop\Smart-Sure\Backend\SmartSure.Tests\bin\Debug\net10.0\SmartSure.Tests.dll" adapterTypeName="executor://nunit3testexecutor/" className="SmartSure.Tests.AuthService.AuthServiceTests" name="Register_ShortPassword_ThrowsValidationException" />
    </UnitTest>
    <UnitTest name="PremiumCalculation_ShortTerm_UsesFloorFactor" storage="c:\users\avish\desktop\smart-sure\backend\smartsure.tests\bin\debug\net10.0\smartsure.tests.dll" id="7afba390-5cec-ee93-cbf6-2a65407acafb">
      <Execution id="ff0c761d-e13a-402a-92d5-4e9cdbfdb59b" />
      <TestMethod codeBase="C:\Users\avish\Desktop\Smart-Sure\Backend\SmartSure.Tests\bin\Debug\net10.0\SmartSure.Tests.dll" adapterTypeName="executor://nunit3testexecutor/" className="SmartSure.Tests.PolicyService.PolicyServiceTests" name="PremiumCalculation_ShortTerm_UsesFloorFactor" />
    </UnitTest>
    <UnitTest name="UnauthorizedException_CarriesMessage" storage="c:\users\avish\desktop\smart-sure\backend\smartsure.tests\bin\debug\net10.0\smartsure.tests.dll" id="a0285872-50b3-7405-c825-db5c7ff09871">
      <Execution id="ad031850-6b27-47df-a320-422eb64ae7c0" />
      <TestMethod codeBase="C:\Users\avish\Desktop\Smart-Sure\Backend\SmartSure.Tests\bin\Debug\net10.0\SmartSure.Tests.dll" adapterTypeName="executor://nunit3testexecutor/" className="SmartSure.Tests.SharedExceptions.ExceptionTests" name="UnauthorizedException_CarriesMessage" />
    </UnitTest>
    <UnitTest name="GetDashboardStats_SecondCall_ReturnsCachedResult" storage="c:\users\avish\desktop\smart-sure\backend\smartsure.tests\bin\debug\net10.0\smartsure.tests.dll" id="5682ab1a-ddae-d282-10bf-0a8c122250c0">
      <Execution id="f65d8529-5149-4090-b602-b5be3753383c" />
      <TestMethod codeBase="C:\Users\avish\Desktop\Smart-Sure\Backend\SmartSure.Tests\bin\Debug\net10.0\SmartSure.Tests.dll" adapterTypeName="executor://nunit3testexecutor/" className="SmartSure.Tests.AdminService.AdminServiceTests" name="GetDashboardStats_SecondCall_ReturnsCachedResult" />
    </UnitTest>
    <UnitTest name="Login_EmptyEmail_ThrowsValidationException" storage="c:\users\avish\desktop\smart-sure\backend\smartsure.tests\bin\debug\net10.0\smartsure.tests.dll" id="9ff7fecf-09ce-e3ca-fc70-5cc29a43b92f">
      <Execution id="e9a2a6cd-5335-4edd-a2d8-39835982bf16" />
      <TestMethod codeBase="C:\Users\avish\Desktop\Smart-Sure\Backend\SmartSure.Tests\bin\Debug\net10.0\SmartSure.Tests.dll" adapterTypeName="executor://nunit3testexecutor/" className="SmartSure.Tests.AuthService.AuthServiceTests" name="Login_EmptyEmail_ThrowsValidationException" />
    </UnitTest>
    <UnitTest name="Login_DeactivatedAccount_ThrowsUnauthorizedException" storage="c:\users\avish\desktop\smart-sure\backend\smartsure.tests\bin\debug\net10.0\smartsure.tests.dll" id="93fa8063-b5b7-6f84-1954-3b294bfd2313">
      <Execution id="e6276171-79ae-4b8c-a0be-2c01f6a317dd" />
      <TestMethod codeBase="C:\Users\avish\Desktop\Smart-Sure\Backend\SmartSure.Tests\bin\Debug\net10.0\SmartSure.Tests.dll" adapterTypeName="executor://nunit3testexecutor/" className="SmartSure.Tests.AuthService.AuthServiceTests" name="Login_DeactivatedAccount_ThrowsUnauthorizedException" />
    </UnitTest>
    <UnitTest name="GetAuditLogs_ValidParams_ReturnsPaginatedResult" storage="c:\users\avish\desktop\smart-sure\backend\smartsure.tests\bin\debug\net10.0\smartsure.tests.dll" id="212f22b5-e656-19a4-f56d-3cb28ea65eb0">
      <Execution id="91cf82c9-bd5b-4801-98f6-d980c4766125" />
      <TestMethod codeBase="C:\Users\avish\Desktop\Smart-Sure\Backend\SmartSure.Tests\bin\Debug\net10.0\SmartSure.Tests.dll" adapterTypeName="executor://nunit3testexecutor/" className="SmartSure.Tests.AdminService.AdminServiceTests" name="GetAuditLogs_ValidParams_ReturnsPaginatedResult" />
    </UnitTest>
    <UnitTest name="GetAuditLogs_ZeroPage_ThrowsValidationException" storage="c:\users\avish\desktop\smart-sure\backend\smartsure.tests\bin\debug\net10.0\smartsure.tests.dll" id="8dad4184-1b7c-f4bb-dff0-bdad3947aabe">
      <Execution id="97be2c87-1e89-4b0e-9e7d-c73781e417e4" />
      <TestMethod codeBase="C:\Users\avish\Desktop\Smart-Sure\Backend\SmartSure.Tests\bin\Debug\net10.0\SmartSure.Tests.dll" adapterTypeName="executor://nunit3testexecutor/" className="SmartSure.Tests.AdminService.AdminServiceTests" name="GetAuditLogs_ZeroPage_ThrowsValidationException" />
    </UnitTest>
    <UnitTest name="SubmitClaim_NoDocuments_ThrowsBusinessRuleException" storage="c:\users\avish\desktop\smart-sure\backend\smartsure.tests\bin\debug\net10.0\smartsure.tests.dll" id="73dd12aa-e36d-db87-c136-46cebbcbbfd1">
      <Execution id="02180abd-bbe0-4229-9320-ead1056f8c5e" />
      <TestMethod codeBase="C:\Users\avish\Desktop\Smart-Sure\Backend\SmartSure.Tests\bin\Debug\net10.0\SmartSure.Tests.dll" adapterTypeName="executor://nunit3testexecutor/" className="SmartSure.Tests.ClaimsService.ClaimServiceTests" name="SubmitClaim_NoDocuments_ThrowsBusinessRuleException" />
    </UnitTest>
    <UnitTest name="Login_UserNotFound_ThrowsUnauthorizedException" storage="c:\users\avish\desktop\smart-sure\backend\smartsure.tests\bin\debug\net10.0\smartsure.tests.dll" id="c53d1689-8576-bad6-a73d-8aa84495a095">
      <Execution id="834d3a44-6b48-46fb-8634-647687e5cb74" />
      <TestMethod codeBase="C:\Users\avish\Desktop\Smart-Sure\Backend\SmartSure.Tests\bin\Debug\net10.0\SmartSure.Tests.dll" adapterTypeName="executor://nunit3testexecutor/" className="SmartSure.Tests.AuthService.AuthServiceTests" name="Login_UserNotFound_ThrowsUnauthorizedException" />
    </UnitTest>
    <UnitTest name="OwnershipViolation_ThrowsForbiddenNotUnauthorized" storage="c:\users\avish\desktop\smart-sure\backend\smartsure.tests\bin\debug\net10.0\smartsure.tests.dll" id="a5e5219e-a023-ab24-2e8e-2329169521e6">
      <Execution id="1b1bde59-72a9-41f9-a976-50ead13ce394" />
      <TestMethod codeBase="C:\Users\avish\Desktop\Smart-Sure\Backend\SmartSure.Tests\bin\Debug\net10.0\SmartSure.Tests.dll" adapterTypeName="executor://nunit3testexecutor/" className="SmartSure.Tests.PolicyService.PolicyServiceTests" name="OwnershipViolation_ThrowsForbiddenNotUnauthorized" />
    </UnitTest>
    <UnitTest name="Register_DuplicateEmail_ThrowsConflictException" storage="c:\users\avish\desktop\smart-sure\backend\smartsure.tests\bin\debug\net10.0\smartsure.tests.dll" id="2474579d-fe78-a91b-6598-b426d91673f4">
      <Execution id="9e3a0fca-9e30-4890-9efa-62bc913c5057" />
      <TestMethod codeBase="C:\Users\avish\Desktop\Smart-Sure\Backend\SmartSure.Tests\bin\Debug\net10.0\SmartSure.Tests.dll" adapterTypeName="executor://nunit3testexecutor/" className="SmartSure.Tests.AuthService.AuthServiceTests" name="Register_DuplicateEmail_ThrowsConflictException" />
    </UnitTest>
    <UnitTest name="CreateClaim_ValidData_ReturnsDraftClaim" storage="c:\users\avish\desktop\smart-sure\backend\smartsure.tests\bin\debug\net10.0\smartsure.tests.dll" id="2ab7e9d7-801a-f436-5cd9-f230603dcca7">
      <Execution id="c22e6f5d-191a-468c-b114-74ba1aa9593e" />
      <TestMethod codeBase="C:\Users\avish\Desktop\Smart-Sure\Backend\SmartSure.Tests\bin\Debug\net10.0\SmartSure.Tests.dll" adapterTypeName="executor://nunit3testexecutor/" className="SmartSure.Tests.ClaimsService.ClaimServiceTests" name="CreateClaim_ValidData_ReturnsDraftClaim" />
    </UnitTest>
    <UnitTest name="SubmitClaim_ClaimNotFound_ThrowsNotFoundException" storage="c:\users\avish\desktop\smart-sure\backend\smartsure.tests\bin\debug\net10.0\smartsure.tests.dll" id="91419a10-22cf-535e-d005-56ab0f2b80f6">
      <Execution id="9de4f9ff-1ded-4145-accb-2aceaef834f4" />
      <TestMethod codeBase="C:\Users\avish\Desktop\Smart-Sure\Backend\SmartSure.Tests\bin\Debug\net10.0\SmartSure.Tests.dll" adapterTypeName="executor://nunit3testexecutor/" className="SmartSure.Tests.ClaimsService.ClaimServiceTests" name="SubmitClaim_ClaimNotFound_ThrowsNotFoundException" />
    </UnitTest>
    <UnitTest name="SubmitClaim_WithDocuments_TransitionsToSubmitted" storage="c:\users\avish\desktop\smart-sure\backend\smartsure.tests\bin\debug\net10.0\smartsure.tests.dll" id="f30d721c-8be3-7239-65c5-66c510309870">
      <Execution id="802723ce-516b-4bef-a8b5-c6674996e3de" />
      <TestMethod codeBase="C:\Users\avish\Desktop\Smart-Sure\Backend\SmartSure.Tests\bin\Debug\net10.0\SmartSure.Tests.dll" adapterTypeName="executor://nunit3testexecutor/" className="SmartSure.Tests.ClaimsService.ClaimServiceTests" name="SubmitClaim_WithDocuments_TransitionsToSubmitted" />
    </UnitTest>
    <UnitTest name="UploadDocument_FileTooLarge_ThrowsValidationException" storage="c:\users\avish\desktop\smart-sure\backend\smartsure.tests\bin\debug\net10.0\smartsure.tests.dll" id="5fab8ff0-b8c3-9528-f550-425b85993d4b">
      <Execution id="b0ec7ede-1767-44f1-88d4-4078be7230eb" />
      <TestMethod codeBase="C:\Users\avish\Desktop\Smart-Sure\Backend\SmartSure.Tests\bin\Debug\net10.0\SmartSure.Tests.dll" adapterTypeName="executor://nunit3testexecutor/" className="SmartSure.Tests.ClaimsService.ClaimServiceTests" name="UploadDocument_FileTooLarge_ThrowsValidationException" />
    </UnitTest>
    <UnitTest name="TermMonths_Validation(1,True)" storage="c:\users\avish\desktop\smart-sure\backend\smartsure.tests\bin\debug\net10.0\smartsure.tests.dll" id="6b435187-9b27-279c-eada-aa5388bd21e1">
      <Execution id="e5e1a1de-eb0a-4c68-9d69-2d1055871a41" />
      <TestMethod codeBase="C:\Users\avish\Desktop\Smart-Sure\Backend\SmartSure.Tests\bin\Debug\net10.0\SmartSure.Tests.dll" adapterTypeName="executor://nunit3testexecutor/" className="SmartSure.Tests.PolicyService.PolicyServiceTests" name="TermMonths_Validation(1,True)" />
    </UnitTest>
    <UnitTest name="GetAuditLogs_ZeroPageSize_ThrowsValidationException" storage="c:\users\avish\desktop\smart-sure\backend\smartsure.tests\bin\debug\net10.0\smartsure.tests.dll" id="be470f09-d476-1518-ea14-cc1fe058236f">
      <Execution id="6a161ce6-0394-428a-929e-183f70f8091a" />
      <TestMethod codeBase="C:\Users\avish\Desktop\Smart-Sure\Backend\SmartSure.Tests\bin\Debug\net10.0\SmartSure.Tests.dll" adapterTypeName="executor://nunit3testexecutor/" className="SmartSure.Tests.AdminService.AdminServiceTests" name="GetAuditLogs_ZeroPageSize_ThrowsValidationException" />
    </UnitTest>
    <UnitTest name="PremiumCalculation_DoubledCoverage_DoublesPremium" storage="c:\users\avish\desktop\smart-sure\backend\smartsure.tests\bin\debug\net10.0\smartsure.tests.dll" id="f4074f52-8762-1a90-159f-401643c81154">
      <Execution id="e2960158-3516-418e-9ad8-97088274eaf1" />
      <TestMethod codeBase="C:\Users\avish\Desktop\Smart-Sure\Backend\SmartSure.Tests\bin\Debug\net10.0\SmartSure.Tests.dll" adapterTypeName="executor://nunit3testexecutor/" className="SmartSure.Tests.PolicyService.PolicyServiceTests" name="PremiumCalculation_DoubledCoverage_DoublesPremium" />
    </UnitTest>
    <UnitTest name="Register_ValidData_SendsOtpAndReturnsMessage" storage="c:\users\avish\desktop\smart-sure\backend\smartsure.tests\bin\debug\net10.0\smartsure.tests.dll" id="2d53199d-4daf-e985-6867-e616ac69fdf9">
      <Execution id="18868856-f988-470e-9507-9e9f92f79c6f" />
      <TestMethod codeBase="C:\Users\avish\Desktop\Smart-Sure\Backend\SmartSure.Tests\bin\Debug\net10.0\SmartSure.Tests.dll" adapterTypeName="executor://nunit3testexecutor/" className="SmartSure.Tests.AuthService.AuthServiceTests" name="Register_ValidData_SendsOtpAndReturnsMessage" />
    </UnitTest>
    <UnitTest name="HttpServiceException_DefaultStatusCode_Is500" storage="c:\users\avish\desktop\smart-sure\backend\smartsure.tests\bin\debug\net10.0\smartsure.tests.dll" id="e0eeccf8-17fe-2cbf-951a-fe1cdc03c1b6">
      <Execution id="65948068-212c-4d2b-a7cf-2306c19b8a96" />
      <TestMethod codeBase="C:\Users\avish\Desktop\Smart-Sure\Backend\SmartSure.Tests\bin\Debug\net10.0\SmartSure.Tests.dll" adapterTypeName="executor://nunit3testexecutor/" className="SmartSure.Tests.SharedExceptions.ExceptionTests" name="HttpServiceException_DefaultStatusCode_Is500" />
    </UnitTest>
    <UnitTest name="ValidationException_CarriesMessage" storage="c:\users\avish\desktop\smart-sure\backend\smartsure.tests\bin\debug\net10.0\smartsure.tests.dll" id="f66a58dd-b5ed-72d9-185c-bec7efbbfeb8">
      <Execution id="fd297072-5bed-45c5-8424-34bf82dcfb31" />
      <TestMethod codeBase="C:\Users\avish\Desktop\Smart-Sure\Backend\SmartSure.Tests\bin\Debug\net10.0\SmartSure.Tests.dll" adapterTypeName="executor://nunit3testexecutor/" className="SmartSure.Tests.SharedExceptions.ExceptionTests" name="ValidationException_CarriesMessage" />
    </UnitTest>
    <UnitTest name="ClaimStateTransition_Validation(&quot;DRAFT&quot;,&quot;APPROVED&quot;,False)" storage="c:\users\avish\desktop\smart-sure\backend\smartsure.tests\bin\debug\net10.0\smartsure.tests.dll" id="d2102b3e-e272-fe6f-27ba-daa63a478541">
      <Execution id="6bdbd52d-5ed8-45ec-8711-67c3818b2eda" />
      <TestMethod codeBase="C:\Users\avish\Desktop\Smart-Sure\Backend\SmartSure.Tests\bin\Debug\net10.0\SmartSure.Tests.dll" adapterTypeName="executor://nunit3testexecutor/" className="SmartSure.Tests.PolicyService.PolicyServiceTests" name="ClaimStateTransition_Validation(&quot;DRAFT&quot;,&quot;APPROVED&quot;,False)" />
    </UnitTest>
    <UnitTest name="CoverageAmount_Validation(10000,True)" storage="c:\users\avish\desktop\smart-sure\backend\smartsure.tests\bin\debug\net10.0\smartsure.tests.dll" id="e4c305bb-ba85-79b4-7a8a-cd4767c1af78">
      <Execution id="fafdd00c-8585-4cc9-a3a5-252373bdd36d" />
      <TestMethod codeBase="C:\Users\avish\Desktop\Smart-Sure\Backend\SmartSure.Tests\bin\Debug\net10.0\SmartSure.Tests.dll" adapterTypeName="executor://nunit3testexecutor/" className="SmartSure.Tests.PolicyService.PolicyServiceTests" name="CoverageAmount_Validation(10000,True)" />
    </UnitTest>
    <UnitTest name="ForbiddenException_CarriesMessage" storage="c:\users\avish\desktop\smart-sure\backend\smartsure.tests\bin\debug\net10.0\smartsure.tests.dll" id="3df17e8a-7005-4f2a-10d0-27e4a4c631f3">
      <Execution id="af21046e-6f8b-4a27-99c7-89527ee3ab85" />
      <TestMethod codeBase="C:\Users\avish\Desktop\Smart-Sure\Backend\SmartSure.Tests\bin\Debug\net10.0\SmartSure.Tests.dll" adapterTypeName="executor://nunit3testexecutor/" className="SmartSure.Tests.SharedExceptions.ExceptionTests" name="ForbiddenException_CarriesMessage" />
    </UnitTest>
    <UnitTest name="ClaimStateTransition_Validation(&quot;UNDER_REVIEW&quot;,&quot;REJECTED&quot;,True)" storage="c:\users\avish\desktop\smart-sure\backend\smartsure.tests\bin\debug\net10.0\smartsure.tests.dll" id="4932237c-248f-ade3-64a0-435ccbd8981e">
      <Execution id="b018d9d7-a165-4cb0-b9af-71c231c7543d" />
      <TestMethod codeBase="C:\Users\avish\Desktop\Smart-Sure\Backend\SmartSure.Tests\bin\Debug\net10.0\SmartSure.Tests.dll" adapterTypeName="executor://nunit3testexecutor/" className="SmartSure.Tests.PolicyService.PolicyServiceTests" name="ClaimStateTransition_Validation(&quot;UNDER_REVIEW&quot;,&quot;REJECTED&quot;,True)" />
    </UnitTest>
    <UnitTest name="GetAuditLogs_PageSizeTooLarge_ThrowsValidationException" storage="c:\users\avish\desktop\smart-sure\backend\smartsure.tests\bin\debug\net10.0\smartsure.tests.dll" id="534f6a72-6fb4-4440-b275-e80ca8950eda">
      <Execution id="c11168bb-0ce2-4b4d-bf58-e4a83b1ef557" />
      <TestMethod codeBase="C:\Users\avish\Desktop\Smart-Sure\Backend\SmartSure.Tests\bin\Debug\net10.0\SmartSure.Tests.dll" adapterTypeName="executor://nunit3testexecutor/" className="SmartSure.Tests.AdminService.AdminServiceTests" name="GetAuditLogs_PageSizeTooLarge_ThrowsValidationException" />
    </UnitTest>
    <UnitTest name="HttpServiceException_CarriesMessageAndStatusCode" storage="c:\users\avish\desktop\smart-sure\backend\smartsure.tests\bin\debug\net10.0\smartsure.tests.dll" id="f6178e12-f9b9-6b57-e2d0-4ddedf80d1be">
      <Execution id="71c5a8f3-8d39-4c5a-a6e3-0d1d87afda22" />
      <TestMethod codeBase="C:\Users\avish\Desktop\Smart-Sure\Backend\SmartSure.Tests\bin\Debug\net10.0\SmartSure.Tests.dll" adapterTypeName="executor://nunit3testexecutor/" className="SmartSure.Tests.SharedExceptions.ExceptionTests" name="HttpServiceException_CarriesMessageAndStatusCode" />
    </UnitTest>
    <UnitTest name="SubmitClaim_WrongUser_ThrowsForbiddenException" storage="c:\users\avish\desktop\smart-sure\backend\smartsure.tests\bin\debug\net10.0\smartsure.tests.dll" id="2751a61d-6cce-0ba8-4808-bef1a20e9b85">
      <Execution id="21557e61-d92d-4f30-8061-d68e15618ddc" />
      <TestMethod codeBase="C:\Users\avish\Desktop\Smart-Sure\Backend\SmartSure.Tests\bin\Debug\net10.0\SmartSure.Tests.dll" adapterTypeName="executor://nunit3testexecutor/" className="SmartSure.Tests.ClaimsService.ClaimServiceTests" name="SubmitClaim_WrongUser_ThrowsForbiddenException" />
    </UnitTest>
    <UnitTest name="UploadDocument_InvalidFileType_ThrowsValidationException" storage="c:\users\avish\desktop\smart-sure\backend\smartsure.tests\bin\debug\net10.0\smartsure.tests.dll" id="4d286b0e-f6a0-6f19-f4c3-a8b6592a2d07">
      <Execution id="66e75476-3e0d-424b-bbd9-d0b4a6447df1" />
      <TestMethod codeBase="C:\Users\avish\Desktop\Smart-Sure\Backend\SmartSure.Tests\bin\Debug\net10.0\SmartSure.Tests.dll" adapterTypeName="executor://nunit3testexecutor/" className="SmartSure.Tests.ClaimsService.ClaimServiceTests" name="UploadDocument_InvalidFileType_ThrowsValidationException" />
    </UnitTest>
    <UnitTest name="CreateClaim_ZeroAmount_ThrowsValidationException" storage="c:\users\avish\desktop\smart-sure\backend\smartsure.tests\bin\debug\net10.0\smartsure.tests.dll" id="a518fc01-1f07-4c57-5e19-77b52fa1d2e4">
      <Execution id="776913b3-df14-401f-b7a4-226f7a2a914f" />
      <TestMethod codeBase="C:\Users\avish\Desktop\Smart-Sure\Backend\SmartSure.Tests\bin\Debug\net10.0\SmartSure.Tests.dll" adapterTypeName="executor://nunit3testexecutor/" className="SmartSure.Tests.ClaimsService.ClaimServiceTests" name="CreateClaim_ZeroAmount_ThrowsValidationException" />
    </UnitTest>
    <UnitTest name="UploadDocument_NonDraftClaim_ThrowsBusinessRuleException" storage="c:\users\avish\desktop\smart-sure\backend\smartsure.tests\bin\debug\net10.0\smartsure.tests.dll" id="4d7f5b47-fefc-f1cf-501b-11d49a42effd">
      <Execution id="87cbeb9b-9317-4f2e-91d3-5b35054e685d" />
      <TestMethod codeBase="C:\Users\avish\Desktop\Smart-Sure\Backend\SmartSure.Tests\bin\Debug\net10.0\SmartSure.Tests.dll" adapterTypeName="executor://nunit3testexecutor/" className="SmartSure.Tests.ClaimsService.ClaimServiceTests" name="UploadDocument_NonDraftClaim_ThrowsBusinessRuleException" />
    </UnitTest>
    <UnitTest name="ClaimStateTransition_Validation(&quot;SUBMITTED&quot;,&quot;UNDER_REVIEW&quot;,True)" storage="c:\users\avish\desktop\smart-sure\backend\smartsure.tests\bin\debug\net10.0\smartsure.tests.dll" id="f1732c9a-cd80-392c-2936-eabf70f8fcb5">
      <Execution id="828df6ad-ee24-4fd1-a1de-f5cbf14facba" />
      <TestMethod codeBase="C:\Users\avish\Desktop\Smart-Sure\Backend\SmartSure.Tests\bin\Debug\net10.0\SmartSure.Tests.dll" adapterTypeName="executor://nunit3testexecutor/" className="SmartSure.Tests.PolicyService.PolicyServiceTests" name="ClaimStateTransition_Validation(&quot;SUBMITTED&quot;,&quot;UNDER_REVIEW&quot;,True)" />
    </UnitTest>
    <UnitTest name="TermMonths_Validation(121,False)" storage="c:\users\avish\desktop\smart-sure\backend\smartsure.tests\bin\debug\net10.0\smartsure.tests.dll" id="dbd84af2-3cd7-d007-b5df-00fbad8a2e23">
      <Execution id="a636a6f5-0e2c-45a9-8293-e6047fdf02e2" />
      <TestMethod codeBase="C:\Users\avish\Desktop\Smart-Sure\Backend\SmartSure.Tests\bin\Debug\net10.0\SmartSure.Tests.dll" adapterTypeName="executor://nunit3testexecutor/" className="SmartSure.Tests.PolicyService.PolicyServiceTests" name="TermMonths_Validation(121,False)" />
    </UnitTest>
    <UnitTest name="Register_InvalidEmail_ThrowsValidationException" storage="c:\users\avish\desktop\smart-sure\backend\smartsure.tests\bin\debug\net10.0\smartsure.tests.dll" id="388b7a9f-5475-622d-e954-706453dc87ba">
      <Execution id="56d57a20-b8e0-4142-a51c-87585f3ba3de" />
      <TestMethod codeBase="C:\Users\avish\Desktop\Smart-Sure\Backend\SmartSure.Tests\bin\Debug\net10.0\SmartSure.Tests.dll" adapterTypeName="executor://nunit3testexecutor/" className="SmartSure.Tests.AuthService.AuthServiceTests" name="Register_InvalidEmail_ThrowsValidationException" />
    </UnitTest>
    <UnitTest name="ConflictException_CarriesMessage" storage="c:\users\avish\desktop\smart-sure\backend\smartsure.tests\bin\debug\net10.0\smartsure.tests.dll" id="84b6f8fc-c4b1-6cde-cbc3-515ccb88428d">
      <Execution id="778c2d84-6956-4ea4-9769-c21710e074a2" />
      <TestMethod codeBase="C:\Users\avish\Desktop\Smart-Sure\Backend\SmartSure.Tests\bin\Debug\net10.0\SmartSure.Tests.dll" adapterTypeName="executor://nunit3testexecutor/" className="SmartSure.Tests.SharedExceptions.ExceptionTests" name="ConflictException_CarriesMessage" />
    </UnitTest>
    <UnitTest name="BusinessRuleException_CarriesMessage" storage="c:\users\avish\desktop\smart-sure\backend\smartsure.tests\bin\debug\net10.0\smartsure.tests.dll" id="65ce36c1-9906-da1c-f1fa-1235ed37f9b9">
      <Execution id="4a2df61d-8e19-4ca8-aac6-6c2e8782db16" />
      <TestMethod codeBase="C:\Users\avish\Desktop\Smart-Sure\Backend\SmartSure.Tests\bin\Debug\net10.0\SmartSure.Tests.dll" adapterTypeName="executor://nunit3testexecutor/" className="SmartSure.Tests.SharedExceptions.ExceptionTests" name="BusinessRuleException_CarriesMessage" />
    </UnitTest>
    <UnitTest name="ClaimStateTransition_Validation(&quot;APPROVED&quot;,&quot;REJECTED&quot;,False)" storage="c:\users\avish\desktop\smart-sure\backend\smartsure.tests\bin\debug\net10.0\smartsure.tests.dll" id="167a31bd-15d0-67d8-9c6f-b01d272e7e12">
      <Execution id="e9a420fd-ad02-4842-ac46-729d9db10201" />
      <TestMethod codeBase="C:\Users\avish\Desktop\Smart-Sure\Backend\SmartSure.Tests\bin\Debug\net10.0\SmartSure.Tests.dll" adapterTypeName="executor://nunit3testexecutor/" className="SmartSure.Tests.PolicyService.PolicyServiceTests" name="ClaimStateTransition_Validation(&quot;APPROVED&quot;,&quot;REJECTED&quot;,False)" />
    </UnitTest>
    <UnitTest name="RequestPasswordReset_UnknownEmail_SilentlySucceeds" storage="c:\users\avish\desktop\smart-sure\backend\smartsure.tests\bin\debug\net10.0\smartsure.tests.dll" id="4371d33b-e346-0f23-d88d-1f6c01f74ff5">
      <Execution id="6b2d0754-bec2-4755-83ef-fe99eb2870eb" />
      <TestMethod codeBase="C:\Users\avish\Desktop\Smart-Sure\Backend\SmartSure.Tests\bin\Debug\net10.0\SmartSure.Tests.dll" adapterTypeName="executor://nunit3testexecutor/" className="SmartSure.Tests.AuthService.AuthServiceTests" name="RequestPasswordReset_UnknownEmail_SilentlySucceeds" />
    </UnitTest>
    <UnitTest name="Login_EmptyPassword_ThrowsValidationException" storage="c:\users\avish\desktop\smart-sure\backend\smartsure.tests\bin\debug\net10.0\smartsure.tests.dll" id="3b44b0c9-e703-7d83-f82e-6dff65590671">
      <Execution id="7f1660e8-8108-444d-837e-13d455783b60" />
      <TestMethod codeBase="C:\Users\avish\Desktop\Smart-Sure\Backend\SmartSure.Tests\bin\Debug\net10.0\SmartSure.Tests.dll" adapterTypeName="executor://nunit3testexecutor/" className="SmartSure.Tests.AuthService.AuthServiceTests" name="Login_EmptyPassword_ThrowsValidationException" />
    </UnitTest>
    <UnitTest name="ResetPassword_WeakNewPassword_ThrowsValidationException" storage="c:\users\avish\desktop\smart-sure\backend\smartsure.tests\bin\debug\net10.0\smartsure.tests.dll" id="417e7782-66c3-8c65-a547-0718313924af">
      <Execution id="20d1f89b-7e5b-47e1-8446-2d779d993999" />
      <TestMethod codeBase="C:\Users\avish\Desktop\Smart-Sure\Backend\SmartSure.Tests\bin\Debug\net10.0\SmartSure.Tests.dll" adapterTypeName="executor://nunit3testexecutor/" className="SmartSure.Tests.AuthService.AuthServiceTests" name="ResetPassword_WeakNewPassword_ThrowsValidationException" />
    </UnitTest>
    <UnitTest name="PolicyStatus_Constants_HaveCorrectValues" storage="c:\users\avish\desktop\smart-sure\backend\smartsure.tests\bin\debug\net10.0\smartsure.tests.dll" id="013534d7-acce-ca28-8e77-76c384700506">
      <Execution id="9a52fea7-d103-460c-9137-bd93395af6c5" />
      <TestMethod codeBase="C:\Users\avish\Desktop\Smart-Sure\Backend\SmartSure.Tests\bin\Debug\net10.0\SmartSure.Tests.dll" adapterTypeName="executor://nunit3testexecutor/" className="SmartSure.Tests.PolicyService.PolicyServiceTests" name="PolicyStatus_Constants_HaveCorrectValues" />
    </UnitTest>
    <UnitTest name="ExportReportPdf_ReportNotFound_ThrowsNotFoundException" storage="c:\users\avish\desktop\smart-sure\backend\smartsure.tests\bin\debug\net10.0\smartsure.tests.dll" id="ff76c4a9-1400-9e41-c59b-d293a0c5d93b">
      <Execution id="0cd1cc07-7689-403b-af72-eea491c5e001" />
      <TestMethod codeBase="C:\Users\avish\Desktop\Smart-Sure\Backend\SmartSure.Tests\bin\Debug\net10.0\SmartSure.Tests.dll" adapterTypeName="executor://nunit3testexecutor/" className="SmartSure.Tests.AdminService.AdminServiceTests" name="ExportReportPdf_ReportNotFound_ThrowsNotFoundException" />
    </UnitTest>
    <UnitTest name="InsuranceDate_Today_IsValid" storage="c:\users\avish\desktop\smart-sure\backend\smartsure.tests\bin\debug\net10.0\smartsure.tests.dll" id="3badec5a-1aaf-4c13-7f77-36586f25fb1f">
      <Execution id="b3605d25-5192-49ae-a4dc-3564bbb2caa6" />
      <TestMethod codeBase="C:\Users\avish\Desktop\Smart-Sure\Backend\SmartSure.Tests\bin\Debug\net10.0\SmartSure.Tests.dll" adapterTypeName="executor://nunit3testexecutor/" className="SmartSure.Tests.PolicyService.PolicyServiceTests" name="InsuranceDate_Today_IsValid" />
    </UnitTest>
    <UnitTest name="SubmitClaim_NotDraft_ThrowsBusinessRuleException" storage="c:\users\avish\desktop\smart-sure\backend\smartsure.tests\bin\debug\net10.0\smartsure.tests.dll" id="32bf45df-94e8-e58e-2c9b-9acd42fa60a7">
      <Execution id="19774113-cdb4-4a70-8ed4-a0ec053eafbb" />
      <TestMethod codeBase="C:\Users\avish\Desktop\Smart-Sure\Backend\SmartSure.Tests\bin\Debug\net10.0\SmartSure.Tests.dll" adapterTypeName="executor://nunit3testexecutor/" className="SmartSure.Tests.ClaimsService.ClaimServiceTests" name="SubmitClaim_NotDraft_ThrowsBusinessRuleException" />
    </UnitTest>
    <UnitTest name="InsuranceDate_InPast_IsInvalid" storage="c:\users\avish\desktop\smart-sure\backend\smartsure.tests\bin\debug\net10.0\smartsure.tests.dll" id="a7668248-0372-b105-111f-5ef880c676d5">
      <Execution id="968d44b4-c619-41c9-866d-c90edd16f2bf" />
      <TestMethod codeBase="C:\Users\avish\Desktop\Smart-Sure\Backend\SmartSure.Tests\bin\Debug\net10.0\SmartSure.Tests.dll" adapterTypeName="executor://nunit3testexecutor/" className="SmartSure.Tests.PolicyService.PolicyServiceTests" name="InsuranceDate_InPast_IsInvalid" />
    </UnitTest>
    <UnitTest name="AllExceptions_InheritFromSmartSureException" storage="c:\users\avish\desktop\smart-sure\backend\smartsure.tests\bin\debug\net10.0\smartsure.tests.dll" id="6eb62150-1b06-4572-6d70-8b8eeac78e48">
      <Execution id="a8e1374e-8cda-4ce0-a063-ebe27b57cb23" />
      <TestMethod codeBase="C:\Users\avish\Desktop\Smart-Sure\Backend\SmartSure.Tests\bin\Debug\net10.0\SmartSure.Tests.dll" adapterTypeName="executor://nunit3testexecutor/" className="SmartSure.Tests.SharedExceptions.ExceptionTests" name="AllExceptions_InheritFromSmartSureException" />
    </UnitTest>
    <UnitTest name="Login_WrongPassword_ThrowsUnauthorizedException" storage="c:\users\avish\desktop\smart-sure\backend\smartsure.tests\bin\debug\net10.0\smartsure.tests.dll" id="b4782cad-02c2-5dfa-1ddd-d2f2bcf4ad13">
      <Execution id="8760d778-0f3a-47dd-9124-57381820afa6" />
      <TestMethod codeBase="C:\Users\avish\Desktop\Smart-Sure\Backend\SmartSure.Tests\bin\Debug\net10.0\SmartSure.Tests.dll" adapterTypeName="executor://nunit3testexecutor/" className="SmartSure.Tests.AuthService.AuthServiceTests" name="Login_WrongPassword_ThrowsUnauthorizedException" />
    </UnitTest>
    <UnitTest name="CoverageAmount_Validation(9999,False)" storage="c:\users\avish\desktop\smart-sure\backend\smartsure.tests\bin\debug\net10.0\smartsure.tests.dll" id="4df6f16c-8941-6c08-b2bc-e71dc5d25de2">
      <Execution id="2fa282ae-77eb-49ef-a4de-40f252bc1906" />
      <TestMethod codeBase="C:\Users\avish\Desktop\Smart-Sure\Backend\SmartSure.Tests\bin\Debug\net10.0\SmartSure.Tests.dll" adapterTypeName="executor://nunit3testexecutor/" className="SmartSure.Tests.PolicyService.PolicyServiceTests" name="CoverageAmount_Validation(9999,False)" />
    </UnitTest>
    <UnitTest name="AlreadyCancelled_ThrowsBusinessRuleNotValidation" storage="c:\users\avish\desktop\smart-sure\backend\smartsure.tests\bin\debug\net10.0\smartsure.tests.dll" id="d9ff3af5-ab29-d08d-2e78-02d279bf968c">
      <Execution id="1558e784-0165-44c2-a0a9-8f6027f9fca9" />
      <TestMethod codeBase="C:\Users\avish\Desktop\Smart-Sure\Backend\SmartSure.Tests\bin\Debug\net10.0\SmartSure.Tests.dll" adapterTypeName="executor://nunit3testexecutor/" className="SmartSure.Tests.PolicyService.PolicyServiceTests" name="AlreadyCancelled_ThrowsBusinessRuleNotValidation" />
    </UnitTest>
    <UnitTest name="TermMonths_Validation(120,True)" storage="c:\users\avish\desktop\smart-sure\backend\smartsure.tests\bin\debug\net10.0\smartsure.tests.dll" id="ca8b2bde-6413-448b-3e3d-dfa04b90f53b">
      <Execution id="2249d131-021a-455e-9dd7-08ca67ce393d" />
      <TestMethod codeBase="C:\Users\avish\Desktop\Smart-Sure\Backend\SmartSure.Tests\bin\Debug\net10.0\SmartSure.Tests.dll" adapterTypeName="executor://nunit3testexecutor/" className="SmartSure.Tests.PolicyService.PolicyServiceTests" name="TermMonths_Validation(120,True)" />
    </UnitTest>
    <UnitTest name="CoverageAmount_Validation(50000000,True)" storage="c:\users\avish\desktop\smart-sure\backend\smartsure.tests\bin\debug\net10.0\smartsure.tests.dll" id="9dbad930-be8d-630d-0962-a5d0105d2532">
      <Execution id="d5b42550-414e-4e11-82bd-89f83256eea9" />
      <TestMethod codeBase="C:\Users\avish\Desktop\Smart-Sure\Backend\SmartSure.Tests\bin\Debug\net10.0\SmartSure.Tests.dll" adapterTypeName="executor://nunit3testexecutor/" className="SmartSure.Tests.PolicyService.PolicyServiceTests" name="CoverageAmount_Validation(50000000,True)" />
    </UnitTest>
    <UnitTest name="CoverageAmount_Validation(0,False)" storage="c:\users\avish\desktop\smart-sure\backend\smartsure.tests\bin\debug\net10.0\smartsure.tests.dll" id="80bb4e6d-574a-eb78-a218-1f3e2953c336">
      <Execution id="61445305-af8a-45f4-8faa-0399c4a3af53" />
      <TestMethod codeBase="C:\Users\avish\Desktop\Smart-Sure\Backend\SmartSure.Tests\bin\Debug\net10.0\SmartSure.Tests.dll" adapterTypeName="executor://nunit3testexecutor/" className="SmartSure.Tests.PolicyService.PolicyServiceTests" name="CoverageAmount_Validation(0,False)" />
    </UnitTest>
    <UnitTest name="CreateClaim_ShortDescription_ThrowsValidationException" storage="c:\users\avish\desktop\smart-sure\backend\smartsure.tests\bin\debug\net10.0\smartsure.tests.dll" id="6bee14c0-de6c-9aef-2efb-0358bc5ccf8a">
      <Execution id="23e6e4c9-5728-43ed-88b5-b30229b6cf73" />
      <TestMethod codeBase="C:\Users\avish\Desktop\Smart-Sure\Backend\SmartSure.Tests\bin\Debug\net10.0\SmartSure.Tests.dll" adapterTypeName="executor://nunit3testexecutor/" className="SmartSure.Tests.ClaimsService.ClaimServiceTests" name="CreateClaim_ShortDescription_ThrowsValidationException" />
    </UnitTest>
    <UnitTest name="CoverageAmount_Validation(50000001,False)" storage="c:\users\avish\desktop\smart-sure\backend\smartsure.tests\bin\debug\net10.0\smartsure.tests.dll" id="6d32e51a-81e1-449c-4e16-04e5328913a3">
      <Execution id="11d074c4-d39d-4dd5-9478-8545a44b17cb" />
      <TestMethod codeBase="C:\Users\avish\Desktop\Smart-Sure\Backend\SmartSure.Tests\bin\Debug\net10.0\SmartSure.Tests.dll" adapterTypeName="executor://nunit3testexecutor/" className="SmartSure.Tests.PolicyService.PolicyServiceTests" name="CoverageAmount_Validation(50000001,False)" />
    </UnitTest>
  </TestDefinitions>
  <TestEntries>
    <TestEntry testId="a5e5219e-a023-ab24-2e8e-2329169521e6" executionId="1b1bde59-72a9-41f9-a976-50ead13ce394" testListId="8c84fa94-04c1-424b-9868-57a2d4851a1d" />
    <TestEntry testId="91419a10-22cf-535e-d005-56ab0f2b80f6" executionId="9de4f9ff-1ded-4145-accb-2aceaef834f4" testListId="8c84fa94-04c1-424b-9868-57a2d4851a1d" />
    <TestEntry testId="6eb62150-1b06-4572-6d70-8b8eeac78e48" executionId="a8e1374e-8cda-4ce0-a063-ebe27b57cb23" testListId="8c84fa94-04c1-424b-9868-57a2d4851a1d" />
    <TestEntry testId="d2102b3e-e272-fe6f-27ba-daa63a478541" executionId="6bdbd52d-5ed8-45ec-8711-67c3818b2eda" testListId="8c84fa94-04c1-424b-9868-57a2d4851a1d" />
    <TestEntry testId="388b7a9f-5475-622d-e954-706453dc87ba" executionId="56d57a20-b8e0-4142-a51c-87585f3ba3de" testListId="8c84fa94-04c1-424b-9868-57a2d4851a1d" />
    <TestEntry testId="2541f7cb-9bf4-4996-9814-eee3f3b802d0" executionId="d13eb817-037c-4142-96fa-b5b8a730d665" testListId="8c84fa94-04c1-424b-9868-57a2d4851a1d" />
    <TestEntry testId="a5d15f7b-2c11-7c21-e4ec-1c40fe3dd66d" executionId="a07ac7b0-6b2d-4814-9afd-b22bf0d2e70a" testListId="8c84fa94-04c1-424b-9868-57a2d4851a1d" />
    <TestEntry testId="4932237c-248f-ade3-64a0-435ccbd8981e" executionId="b018d9d7-a165-4cb0-b9af-71c231c7543d" testListId="8c84fa94-04c1-424b-9868-57a2d4851a1d" />
    <TestEntry testId="d9ff3af5-ab29-d08d-2e78-02d279bf968c" executionId="1558e784-0165-44c2-a0a9-8f6027f9fca9" testListId="8c84fa94-04c1-424b-9868-57a2d4851a1d" />
    <TestEntry testId="f30d721c-8be3-7239-65c5-66c510309870" executionId="802723ce-516b-4bef-a8b5-c6674996e3de" testListId="8c84fa94-04c1-424b-9868-57a2d4851a1d" />
    <TestEntry testId="a0285872-50b3-7405-c825-db5c7ff09871" executionId="ad031850-6b27-47df-a320-422eb64ae7c0" testListId="8c84fa94-04c1-424b-9868-57a2d4851a1d" />
    <TestEntry testId="f66a58dd-b5ed-72d9-185c-bec7efbbfeb8" executionId="fd297072-5bed-45c5-8424-34bf82dcfb31" testListId="8c84fa94-04c1-424b-9868-57a2d4851a1d" />
    <TestEntry testId="c53d1689-8576-bad6-a73d-8aa84495a095" executionId="834d3a44-6b48-46fb-8634-647687e5cb74" testListId="8c84fa94-04c1-424b-9868-57a2d4851a1d" />
    <TestEntry testId="b4782cad-02c2-5dfa-1ddd-d2f2bcf4ad13" executionId="8760d778-0f3a-47dd-9124-57381820afa6" testListId="8c84fa94-04c1-424b-9868-57a2d4851a1d" />
    <TestEntry testId="534f6a72-6fb4-4440-b275-e80ca8950eda" executionId="c11168bb-0ce2-4b4d-bf58-e4a83b1ef557" testListId="8c84fa94-04c1-424b-9868-57a2d4851a1d" />
    <TestEntry testId="32bf45df-94e8-e58e-2c9b-9acd42fa60a7" executionId="19774113-cdb4-4a70-8ed4-a0ec053eafbb" testListId="8c84fa94-04c1-424b-9868-57a2d4851a1d" />
    <TestEntry testId="fba7fcb6-2162-b68a-c9c1-8650b2d5dff4" executionId="25bb8110-49a5-42bc-9dab-75620ab3ffc5" testListId="8c84fa94-04c1-424b-9868-57a2d4851a1d" />
    <TestEntry testId="a7668248-0372-b105-111f-5ef880c676d5" executionId="968d44b4-c619-41c9-866d-c90edd16f2bf" testListId="8c84fa94-04c1-424b-9868-57a2d4851a1d" />
    <TestEntry testId="84b6f8fc-c4b1-6cde-cbc3-515ccb88428d" executionId="778c2d84-6956-4ea4-9769-c21710e074a2" testListId="8c84fa94-04c1-424b-9868-57a2d4851a1d" />
    <TestEntry testId="125af76f-a743-1e0c-f23c-dfa6c98f5878" executionId="d085d8b3-c23f-48ba-bd12-d81989457f34" testListId="8c84fa94-04c1-424b-9868-57a2d4851a1d" />
    <TestEntry testId="4df6f16c-8941-6c08-b2bc-e71dc5d25de2" executionId="2fa282ae-77eb-49ef-a4de-40f252bc1906" testListId="8c84fa94-04c1-424b-9868-57a2d4851a1d" />
    <TestEntry testId="e0eeccf8-17fe-2cbf-951a-fe1cdc03c1b6" executionId="65948068-212c-4d2b-a7cf-2306c19b8a96" testListId="8c84fa94-04c1-424b-9868-57a2d4851a1d" />
    <TestEntry testId="9dbad930-be8d-630d-0962-a5d0105d2532" executionId="d5b42550-414e-4e11-82bd-89f83256eea9" testListId="8c84fa94-04c1-424b-9868-57a2d4851a1d" />
    <TestEntry testId="be470f09-d476-1518-ea14-cc1fe058236f" executionId="6a161ce6-0394-428a-929e-183f70f8091a" testListId="8c84fa94-04c1-424b-9868-57a2d4851a1d" />
    <TestEntry testId="4d7f5b47-fefc-f1cf-501b-11d49a42effd" executionId="87cbeb9b-9317-4f2e-91d3-5b35054e685d" testListId="8c84fa94-04c1-424b-9868-57a2d4851a1d" />
    <TestEntry testId="212f22b5-e656-19a4-f56d-3cb28ea65eb0" executionId="91cf82c9-bd5b-4801-98f6-d980c4766125" testListId="8c84fa94-04c1-424b-9868-57a2d4851a1d" />
    <TestEntry testId="3df17e8a-7005-4f2a-10d0-27e4a4c631f3" executionId="af21046e-6f8b-4a27-99c7-89527ee3ab85" testListId="8c84fa94-04c1-424b-9868-57a2d4851a1d" />
    <TestEntry testId="013534d7-acce-ca28-8e77-76c384700506" executionId="9a52fea7-d103-460c-9137-bd93395af6c5" testListId="8c84fa94-04c1-424b-9868-57a2d4851a1d" />
    <TestEntry testId="2d53199d-4daf-e985-6867-e616ac69fdf9" executionId="18868856-f988-470e-9507-9e9f92f79c6f" testListId="8c84fa94-04c1-424b-9868-57a2d4851a1d" />
    <TestEntry testId="dbd84af2-3cd7-d007-b5df-00fbad8a2e23" executionId="a636a6f5-0e2c-45a9-8293-e6047fdf02e2" testListId="8c84fa94-04c1-424b-9868-57a2d4851a1d" />
    <TestEntry testId="a518fc01-1f07-4c57-5e19-77b52fa1d2e4" executionId="776913b3-df14-401f-b7a4-226f7a2a914f" testListId="8c84fa94-04c1-424b-9868-57a2d4851a1d" />
    <TestEntry testId="9b03d031-fde7-b2d7-9058-c03fdd70c322" executionId="176290d0-7fdf-455e-a4fb-43c33439d4d2" testListId="8c84fa94-04c1-424b-9868-57a2d4851a1d" />
    <TestEntry testId="5682ab1a-ddae-d282-10bf-0a8c122250c0" executionId="f65d8529-5149-4090-b602-b5be3753383c" testListId="8c84fa94-04c1-424b-9868-57a2d4851a1d" />
    <TestEntry testId="8581d18c-d3df-c1ac-2bd1-71c241b994ef" executionId="9175901d-a64f-42af-a41e-e680505da236" testListId="8c84fa94-04c1-424b-9868-57a2d4851a1d" />
    <TestEntry testId="f4074f52-8762-1a90-159f-401643c81154" executionId="e2960158-3516-418e-9ad8-97088274eaf1" testListId="8c84fa94-04c1-424b-9868-57a2d4851a1d" />
    <TestEntry testId="167a31bd-15d0-67d8-9c6f-b01d272e7e12" executionId="e9a420fd-ad02-4842-ac46-729d9db10201" testListId="8c84fa94-04c1-424b-9868-57a2d4851a1d" />
    <TestEntry testId="8dad4184-1b7c-f4bb-dff0-bdad3947aabe" executionId="97be2c87-1e89-4b0e-9e7d-c73781e417e4" testListId="8c84fa94-04c1-424b-9868-57a2d4851a1d" />
    <TestEntry testId="2751a61d-6cce-0ba8-4808-bef1a20e9b85" executionId="21557e61-d92d-4f30-8061-d68e15618ddc" testListId="8c84fa94-04c1-424b-9868-57a2d4851a1d" />
    <TestEntry testId="5fab8ff0-b8c3-9528-f550-425b85993d4b" executionId="b0ec7ede-1767-44f1-88d4-4078be7230eb" testListId="8c84fa94-04c1-424b-9868-57a2d4851a1d" />
    <TestEntry testId="2474579d-fe78-a91b-6598-b426d91673f4" executionId="9e3a0fca-9e30-4890-9efa-62bc913c5057" testListId="8c84fa94-04c1-424b-9868-57a2d4851a1d" />
    <TestEntry testId="5894a5bc-49ec-e94f-c734-e465dd7b6c28" executionId="84d6cc26-d046-4ce8-b4ee-e261a3337e43" testListId="8c84fa94-04c1-424b-9868-57a2d4851a1d" />
    <TestEntry testId="e4c305bb-ba85-79b4-7a8a-cd4767c1af78" executionId="fafdd00c-8585-4cc9-a3a5-252373bdd36d" testListId="8c84fa94-04c1-424b-9868-57a2d4851a1d" />
    <TestEntry testId="f1732c9a-cd80-392c-2936-eabf70f8fcb5" executionId="828df6ad-ee24-4fd1-a1de-f5cbf14facba" testListId="8c84fa94-04c1-424b-9868-57a2d4851a1d" />
    <TestEntry testId="99bdfddb-5ec6-9dc5-077e-f90bf60fbd7d" executionId="5ecc855f-7f5a-4daf-9905-268c20537284" testListId="8c84fa94-04c1-424b-9868-57a2d4851a1d" />
    <TestEntry testId="65ce36c1-9906-da1c-f1fa-1235ed37f9b9" executionId="4a2df61d-8e19-4ca8-aac6-6c2e8782db16" testListId="8c84fa94-04c1-424b-9868-57a2d4851a1d" />
    <TestEntry testId="73dd12aa-e36d-db87-c136-46cebbcbbfd1" executionId="02180abd-bbe0-4229-9320-ead1056f8c5e" testListId="8c84fa94-04c1-424b-9868-57a2d4851a1d" />
    <TestEntry testId="3b44b0c9-e703-7d83-f82e-6dff65590671" executionId="7f1660e8-8108-444d-837e-13d455783b60" testListId="8c84fa94-04c1-424b-9868-57a2d4851a1d" />
    <TestEntry testId="ff76c4a9-1400-9e41-c59b-d293a0c5d93b" executionId="0cd1cc07-7689-403b-af72-eea491c5e001" testListId="8c84fa94-04c1-424b-9868-57a2d4851a1d" />
    <TestEntry testId="6b435187-9b27-279c-eada-aa5388bd21e1" executionId="e5e1a1de-eb0a-4c68-9d69-2d1055871a41" testListId="8c84fa94-04c1-424b-9868-57a2d4851a1d" />
    <TestEntry testId="ca8b2bde-6413-448b-3e3d-dfa04b90f53b" executionId="2249d131-021a-455e-9dd7-08ca67ce393d" testListId="8c84fa94-04c1-424b-9868-57a2d4851a1d" />
    <TestEntry testId="2ab7e9d7-801a-f436-5cd9-f230603dcca7" executionId="c22e6f5d-191a-468c-b114-74ba1aa9593e" testListId="8c84fa94-04c1-424b-9868-57a2d4851a1d" />
    <TestEntry testId="6bee14c0-de6c-9aef-2efb-0358bc5ccf8a" executionId="23e6e4c9-5728-43ed-88b5-b30229b6cf73" testListId="8c84fa94-04c1-424b-9868-57a2d4851a1d" />
    <TestEntry testId="4d286b0e-f6a0-6f19-f4c3-a8b6592a2d07" executionId="66e75476-3e0d-424b-bbd9-d0b4a6447df1" testListId="8c84fa94-04c1-424b-9868-57a2d4851a1d" />
    <TestEntry testId="3badec5a-1aaf-4c13-7f77-36586f25fb1f" executionId="b3605d25-5192-49ae-a4dc-3564bbb2caa6" testListId="8c84fa94-04c1-424b-9868-57a2d4851a1d" />
    <TestEntry testId="417e7782-66c3-8c65-a547-0718313924af" executionId="20d1f89b-7e5b-47e1-8446-2d779d993999" testListId="8c84fa94-04c1-424b-9868-57a2d4851a1d" />
    <TestEntry testId="e7a838e0-db68-3fd4-0e20-42a20e913a06" executionId="be53bdda-7476-4522-b552-acf041678e5c" testListId="8c84fa94-04c1-424b-9868-57a2d4851a1d" />
    <TestEntry testId="93fa8063-b5b7-6f84-1954-3b294bfd2313" executionId="e6276171-79ae-4b8c-a0be-2c01f6a317dd" testListId="8c84fa94-04c1-424b-9868-57a2d4851a1d" />
    <TestEntry testId="7afba390-5cec-ee93-cbf6-2a65407acafb" executionId="ff0c761d-e13a-402a-92d5-4e9cdbfdb59b" testListId="8c84fa94-04c1-424b-9868-57a2d4851a1d" />
    <TestEntry testId="9ff7fecf-09ce-e3ca-fc70-5cc29a43b92f" executionId="e9a2a6cd-5335-4edd-a2d8-39835982bf16" testListId="8c84fa94-04c1-424b-9868-57a2d4851a1d" />
    <TestEntry testId="f6178e12-f9b9-6b57-e2d0-4ddedf80d1be" executionId="71c5a8f3-8d39-4c5a-a6e3-0d1d87afda22" testListId="8c84fa94-04c1-424b-9868-57a2d4851a1d" />
    <TestEntry testId="de3e5d27-a0b1-0ebe-90f9-e70fe9aacfec" executionId="4067d85a-9dcc-4fb9-b08c-0461a7daa187" testListId="8c84fa94-04c1-424b-9868-57a2d4851a1d" />
    <TestEntry testId="4371d33b-e346-0f23-d88d-1f6c01f74ff5" executionId="6b2d0754-bec2-4755-83ef-fe99eb2870eb" testListId="8c84fa94-04c1-424b-9868-57a2d4851a1d" />
    <TestEntry testId="6d32e51a-81e1-449c-4e16-04e5328913a3" executionId="11d074c4-d39d-4dd5-9478-8545a44b17cb" testListId="8c84fa94-04c1-424b-9868-57a2d4851a1d" />
    <TestEntry testId="80bb4e6d-574a-eb78-a218-1f3e2953c336" executionId="61445305-af8a-45f4-8faa-0399c4a3af53" testListId="8c84fa94-04c1-424b-9868-57a2d4851a1d" />
  </TestEntries>
  <TestLists>
    <TestList name="Results Not in a List" id="8c84fa94-04c1-424b-9868-57a2d4851a1d" />
    <TestList name="All Loaded Results" id="19431567-8539-422a-85d7-44ee4e166bda" />
  </TestLists>
  <ResultSummary outcome="Completed">
    <Counters total="64" executed="64" passed="64" failed="0" error="0" timeout="0" aborted="0" inconclusive="0" passedButRunAborted="0" notRunnable="0" notExecuted="0" disconnected="0" warning="0" completed="0" inProgress="0" pending="0" />
    <Output>
      <StdOut>NUnit Adapter 5.0.0.0: Test execution started&#xD;
Running all tests in C:\Users\avish\Desktop\Smart-Sure\Backend\SmartSure.Tests\bin\Debug\net10.0\SmartSure.Tests.dll&#xD;
   NUnit3TestExecutor discovered 64 of 64 NUnit test cases using Current Discovery mode, Non-Explicit run&#xD;
NUnit Adapter 5.0.0.0: Test execution complete&#xD;
</StdOut>
    </Output>
    <CollectorDataEntries>
      <Collector agentName="FLEEK" uri="datacollector://microsoft/CoverletCodeCoverage/1.0" collectorDisplayName="XPlat code coverage">
        <UriAttachments>
          <UriAttachment>
            <A href="FLEEK\coverage.cobertura.xml"></A>
          </UriAttachment>
        </UriAttachments>
      </Collector>
    </CollectorDataEntries>
  </ResultSummary>
</TestRun>